Drill report for skysweep32_rev_c.kicad_pcb
Created on 2026-08-11T15:36:02

Copper Layer Stackup:
    =============================================================
    L1 :  F.Cu                      front
    L2 :  GND_PLANE                 in1
    L3 :  POWER_PLANE               in2
    L4 :  B.Cu                      back


Drill file 'skysweep32_rev_c-PTH.drl' contains
    plated through holes:
    =============================================================
    T1  0.200mm  0.0079"  (12 holes))
    T2  0.300mm  0.0118"  (87 holes))
    T3  0.400mm  0.0157"  (2 holes))
    T4  0.500mm  0.0197"  (1 hole)
    T5  0.600mm  0.0236"  (4 holes)  (with 4 slots)
    T6  0.750mm  0.0295"  (2 holes))
    T7  1.000mm  0.0394"  (8 holes))

    Total plated holes count 116


Drill file 'skysweep32_rev_c-NPTH.drl' contains
    unplated through holes:
    =============================================================
    T1  0.650mm  0.0256"  (2 holes))
    T2  3.200mm  0.1260"  (4 holes))

    Total unplated holes count 6
