2026-08-10 13:33:23.132 [main] INFO  Freerouting v1.9.0 (build-date: 2023-10-30)
2026-08-10 13:33:24.813 [ForkJoinPool.commonPool-worker-1] INFO  New version available: v2.3.0
2026-08-10 13:34:03.242 [main] INFO  Freerouting v1.9.0 (build-date: 2023-10-30)
2026-08-10 13:34:03.286 [main] INFO  Settings were loaded from freerouting.json
2026-08-10 13:34:04.466 [main] INFO  Opening 'hardware/rev_b/skysweep32_pro_rev_b.dsn'...
2026-08-10 13:34:04.741 [ForkJoinPool.commonPool-worker-1] INFO  New version available: v2.3.0
2026-08-10 13:34:25.596 [Thread-28] INFO  Starting auto-routing...
2026-08-10 13:37:15.013 [main] INFO  Freerouting v1.9.0 (build-date: 2023-10-30)
2026-08-10 13:37:15.063 [main] INFO  Settings were loaded from freerouting.json
2026-08-10 13:37:16.248 [main] INFO  Opening 'hardware/rev_b/skysweep32_pro_rev_b.dsn'...
2026-08-10 13:37:16.526 [ForkJoinPool.commonPool-worker-1] INFO  New version available: v2.3.0
2026-08-10 13:37:37.344 [main] WARN  Multi-threaded route optimization is broken and it is known to generate clearance violations. It is highly recommended to use the single-threaded route optimization instead by setting the number of threads to 1 with the '-mt 1' command line argument.
2026-08-10 13:37:37.346 [Thread-28] INFO  Starting auto-routing...
2026-08-10 13:38:57.609 [Thread-28] INFO  Auto-routing was completed in 1 minute(s) 20.26 seconds.
2026-08-10 13:38:57.718 [Thread-28] INFO  Starting route optimization on 4 threads...
2026-08-10 13:39:01.799 [Thread-28] INFO  Route optimization was completed in 4.08 seconds.
2026-08-10 13:39:01.815 [Thread-28] INFO  Saving 'hardware/rev_b/skysweep32_pro_rev_b.ses'...
2026-08-10 13:39:45.452 [main] INFO  Freerouting v1.9.0 (build-date: 2023-10-30)
2026-08-10 13:39:45.494 [main] INFO  Settings were loaded from freerouting.json
2026-08-10 13:39:46.672 [main] INFO  Opening 'hardware/rev_b/skysweep32_pro_rev_b.dsn'...
2026-08-10 13:39:46.950 [ForkJoinPool.commonPool-worker-1] INFO  New version available: v2.3.0
2026-08-10 13:40:07.747 [main] WARN  Multi-threaded route optimization is broken and it is known to generate clearance violations. It is highly recommended to use the single-threaded route optimization instead by setting the number of threads to 1 with the '-mt 1' command line argument.
2026-08-10 13:40:07.749 [Thread-28] INFO  Starting auto-routing...
2026-08-10 13:43:06.128 [Thread-28] WARN  There were only 19.55 changes in the last 20 passes, so it's very likely that autorouter can't improve the result much further. It is recommended to stop it and finish the board manually.
2026-08-10 13:45:15.983 [Thread-28] WARN  There were only 16.93 changes in the last 40 passes, so it's very likely that autorouter can't improve the result much further. It is recommended to stop it and finish the board manually.
2026-08-10 13:45:21.757 [Thread-28] INFO  Auto-routing was completed in 5 minute(s) 14.01 seconds.
2026-08-10 13:45:21.869 [Thread-28] INFO  Starting route optimization on 4 threads...
2026-08-10 13:45:26.088 [Thread-28] INFO  Route optimization was completed in 4.22 seconds.
2026-08-10 13:45:26.104 [Thread-28] INFO  Saving 'hardware/rev_b/skysweep32_pro_rev_b.ses'...
2026-08-10 13:52:07.710 [main] INFO  Freerouting v1.9.0 (build-date: 2023-10-30)
2026-08-10 13:52:07.752 [main] INFO  Settings were loaded from freerouting.json
2026-08-10 13:52:08.967 [main] INFO  Opening 'hardware/rev_b/skysweep32_pro_rev_b.dsn'...
2026-08-10 13:52:09.438 [ForkJoinPool.commonPool-worker-1] INFO  New version available: v2.3.0
2026-08-10 13:52:30.169 [main] WARN  Multi-threaded route optimization is broken and it is known to generate clearance violations. It is highly recommended to use the single-threaded route optimization instead by setting the number of threads to 1 with the '-mt 1' command line argument.
2026-08-10 13:52:30.171 [Thread-29] INFO  Starting auto-routing...
2026-08-10 14:01:00.431 [Thread-29] INFO  Auto-routing was completed in 8 minute(s) 30.26 seconds.
2026-08-10 14:01:00.544 [Thread-29] INFO  Starting route optimization on 4 threads...
2026-08-10 14:01:04.674 [Thread-29] INFO  Route optimization was completed in 4.13 seconds.
2026-08-10 14:01:04.689 [Thread-29] INFO  Saving 'hardware/rev_b/skysweep32_pro_rev_b.ses'...
2026-08-10 14:01:59.537 [main] INFO  Freerouting v1.9.0 (build-date: 2023-10-30)
2026-08-10 14:01:59.579 [main] INFO  Settings were loaded from freerouting.json
2026-08-10 14:02:00.759 [main] INFO  Opening 'hardware/rev_b/skysweep32_pro_rev_b.dsn'...
2026-08-10 14:02:01.200 [ForkJoinPool.commonPool-worker-1] INFO  New version available: v2.3.0
2026-08-10 14:02:21.938 [main] WARN  Multi-threaded route optimization is broken and it is known to generate clearance violations. It is highly recommended to use the single-threaded route optimization instead by setting the number of threads to 1 with the '-mt 1' command line argument.
2026-08-10 14:02:21.940 [Thread-29] INFO  Starting auto-routing...
2026-08-10 14:05:36.184 [Thread-29] WARN  There were only 18.95 changes in the last 20 passes, so it's very likely that autorouter can't improve the result much further. It is recommended to stop it and finish the board manually.
2026-08-10 14:07:50.349 [Thread-29] WARN  There were only 10.70 changes in the last 40 passes, so it's very likely that autorouter can't improve the result much further. It is recommended to stop it and finish the board manually.
2026-08-10 14:08:02.881 [Thread-29] INFO  Auto-routing was completed in 5 minute(s) 40.94 seconds.
2026-08-10 14:08:02.996 [Thread-29] INFO  Starting route optimization on 4 threads...
2026-08-10 14:08:08.173 [Thread-29] INFO  Route optimization was completed in 5.18 seconds.
2026-08-10 14:08:08.189 [Thread-29] INFO  Saving 'hardware/rev_b/skysweep32_pro_rev_b.ses'...
2026-08-10 14:08:43.798 [main] INFO  Freerouting v1.9.0 (build-date: 2023-10-30)
2026-08-10 14:08:43.841 [main] INFO  Settings were loaded from freerouting.json
2026-08-10 14:08:45.014 [main] INFO  Opening 'hardware/rev_b/skysweep32_pro_rev_b.dsn'...
2026-08-10 14:08:45.424 [ForkJoinPool.commonPool-worker-1] INFO  New version available: v2.3.0
2026-08-10 14:09:06.190 [main] WARN  Multi-threaded route optimization is broken and it is known to generate clearance violations. It is highly recommended to use the single-threaded route optimization instead by setting the number of threads to 1 with the '-mt 1' command line argument.
2026-08-10 14:09:06.192 [Thread-28] INFO  Starting auto-routing...
2026-08-10 14:15:18.338 [Thread-28] INFO  Auto-routing was completed in 6 minute(s) 12.14 seconds.
2026-08-10 14:15:18.440 [Thread-28] INFO  Starting route optimization on 4 threads...
2026-08-10 14:15:22.552 [Thread-28] INFO  Route optimization was completed in 4.11 seconds.
2026-08-10 14:15:22.566 [Thread-28] INFO  Saving 'hardware/rev_b/skysweep32_pro_rev_b.ses'...
2026-08-10 14:15:53.193 [main] INFO  Freerouting v1.9.0 (build-date: 2023-10-30)
2026-08-10 14:15:53.236 [main] INFO  Settings were loaded from freerouting.json
2026-08-10 14:15:54.418 [main] INFO  Opening 'hardware/rev_b/skysweep32_pro_rev_b.dsn'...
2026-08-10 14:15:54.897 [ForkJoinPool.commonPool-worker-1] INFO  New version available: v2.3.0
2026-08-10 14:16:16.038 [main] WARN  Multi-threaded route optimization is broken and it is known to generate clearance violations. It is highly recommended to use the single-threaded route optimization instead by setting the number of threads to 1 with the '-mt 1' command line argument.
2026-08-10 14:16:16.040 [Thread-28] INFO  Starting auto-routing...
2026-08-10 14:19:21.028 [Thread-28] WARN  There were only 19.05 changes in the last 20 passes, so it's very likely that autorouter can't improve the result much further. It is recommended to stop it and finish the board manually.
2026-08-10 14:21:32.059 [Thread-28] WARN  There were only 10.05 changes in the last 40 passes, so it's very likely that autorouter can't improve the result much further. It is recommended to stop it and finish the board manually.
2026-08-10 14:21:55.101 [AWT-EventQueue-0] ERROR Cannot invoke "app.freerouting.geometry.planar.FloatPoint.rotate(double, app.freerouting.geometry.planar.FloatPoint)" because "p_point" is null
java.lang.NullPointerException: Cannot invoke "app.freerouting.geometry.planar.FloatPoint.rotate(double, app.freerouting.geometry.planar.FloatPoint)" because "p_point" is null
	at app.freerouting.boardgraphics.CoordinateTransform.board_to_screen(CoordinateTransform.java:82) ~[freerouting-1.9.0.jar:unspecified]
	at app.freerouting.interactive.InteractiveState.mouse_wheel_moved(InteractiveState.java:90) ~[freerouting-1.9.0.jar:unspecified]
	at app.freerouting.interactive.BoardHandling.mouse_wheel_moved(BoardHandling.java:721) ~[freerouting-1.9.0.jar:unspecified]
	at app.freerouting.gui.BoardPanel.lambda$default_init$0(BoardPanel.java:123) ~[freerouting-1.9.0.jar:unspecified]
	at java.awt.Component.processMouseWheelEvent(Unknown Source) ~[?:?]
	at java.awt.Component.processEvent(Unknown Source) ~[?:?]
	at java.awt.Container.processEvent(Unknown Source) ~[?:?]
	at java.awt.Component.dispatchEventImpl(Unknown Source) ~[?:?]
	at java.awt.Container.dispatchEventImpl(Unknown Source) ~[?:?]
	at java.awt.Component.dispatchEvent(Unknown Source) ~[?:?]
	at java.awt.LightweightDispatcher.retargetMouseEvent(Unknown Source) ~[?:?]
	at java.awt.LightweightDispatcher.processMouseEvent(Unknown Source) ~[?:?]
	at java.awt.LightweightDispatcher.dispatchEvent(Unknown Source) ~[?:?]
	at java.awt.Container.dispatchEventImpl(Unknown Source) ~[?:?]
	at java.awt.Window.dispatchEventImpl(Unknown Source) ~[?:?]
	at java.awt.Component.dispatchEvent(Unknown Source) ~[?:?]
	at java.awt.EventQueue.dispatchEventImpl(Unknown Source) ~[?:?]
	at java.awt.EventQueue$4.run(Unknown Source) ~[?:?]
	at java.awt.EventQueue$4.run(Unknown Source) ~[?:?]
	at java.security.AccessController.doPrivileged(Unknown Source) ~[?:?]
	at java.security.ProtectionDomain$JavaSecurityAccessImpl.doIntersectionPrivilege(Unknown Source) ~[?:?]
	at java.security.ProtectionDomain$JavaSecurityAccessImpl.doIntersectionPrivilege(Unknown Source) ~[?:?]
	at java.awt.EventQueue$5.run(Unknown Source) ~[?:?]
	at java.awt.EventQueue$5.run(Unknown Source) ~[?:?]
	at java.security.AccessController.doPrivileged(Unknown Source) ~[?:?]
	at java.security.ProtectionDomain$JavaSecurityAccessImpl.doIntersectionPrivilege(Unknown Source) ~[?:?]
	at java.awt.EventQueue.dispatchEvent(Unknown Source) ~[?:?]
	at java.awt.EventDispatchThread.pumpOneEventForFilters(Unknown Source) [?:?]
	at java.awt.EventDispatchThread.pumpEventsForFilter(Unknown Source) [?:?]
	at java.awt.EventDispatchThread.pumpEventsForHierarchy(Unknown Source) [?:?]
	at java.awt.EventDispatchThread.pumpEvents(Unknown Source) [?:?]
	at java.awt.EventDispatchThread.pumpEvents(Unknown Source) [?:?]
	at java.awt.EventDispatchThread.run(Unknown Source) [?:?]
2026-08-10 14:21:55.689 [Thread-28] INFO  Auto-routing was completed in 5 minute(s) 39.65 seconds.
2026-08-10 14:21:55.800 [Thread-28] INFO  Starting route optimization on 4 threads...
2026-08-10 14:22:00.221 [Thread-28] INFO  Route optimization was completed in 4.42 seconds.
2026-08-10 14:22:00.244 [Thread-28] INFO  Saving 'hardware/rev_b/skysweep32_pro_rev_b.ses'...
2026-08-10 14:22:33.740 [main] INFO  Freerouting v1.9.0 (build-date: 2023-10-30)
2026-08-10 14:22:33.789 [main] INFO  Settings were loaded from freerouting.json
2026-08-10 14:22:34.982 [main] INFO  Opening 'hardware/rev_b/skysweep32_pro_rev_b.dsn'...
2026-08-10 14:22:35.267 [ForkJoinPool.commonPool-worker-1] INFO  New version available: v2.3.0
2026-08-10 14:22:57.285 [main] WARN  Multi-threaded route optimization is broken and it is known to generate clearance violations. It is highly recommended to use the single-threaded route optimization instead by setting the number of threads to 1 with the '-mt 1' command line argument.
2026-08-10 14:22:57.288 [Thread-28] INFO  Starting auto-routing...
2026-08-10 14:29:57.641 [Thread-28] INFO  Auto-routing was completed in 7 minute(s) 0.35 seconds.
2026-08-10 14:29:57.754 [Thread-28] INFO  Starting route optimization on 4 threads...
2026-08-10 14:30:02.260 [Thread-28] INFO  Route optimization was completed in 4.50 seconds.
2026-08-10 14:30:02.276 [Thread-28] INFO  Saving 'hardware/rev_b/skysweep32_pro_rev_b.ses'...
2026-08-10 14:30:31.637 [main] INFO  Freerouting v1.9.0 (build-date: 2023-10-30)
2026-08-10 14:30:31.681 [main] INFO  Settings were loaded from freerouting.json
2026-08-10 14:30:32.866 [main] INFO  Opening 'hardware/rev_b/skysweep32_pro_rev_b.dsn'...
2026-08-10 14:30:54.183 [main] WARN  Multi-threaded route optimization is broken and it is known to generate clearance violations. It is highly recommended to use the single-threaded route optimization instead by setting the number of threads to 1 with the '-mt 1' command line argument.
2026-08-10 14:30:54.186 [Thread-28] INFO  Starting auto-routing...
2026-08-10 14:30:54.345 [ForkJoinPool.commonPool-worker-1] INFO  New version available: v2.3.0
2026-08-10 14:37:07.943 [Thread-28] INFO  Auto-routing was completed in 6 minute(s) 13.75 seconds.
2026-08-10 14:37:08.048 [Thread-28] INFO  Starting route optimization on 4 threads...
2026-08-10 14:37:12.755 [Thread-28] INFO  Route optimization was completed in 4.71 seconds.
2026-08-10 14:37:12.774 [Thread-28] INFO  Saving 'hardware/rev_b/skysweep32_pro_rev_b.ses'...
2026-08-10 14:37:44.265 [main] INFO  Freerouting v1.9.0 (build-date: 2023-10-30)
2026-08-10 14:37:44.313 [main] INFO  Settings were loaded from freerouting.json
2026-08-10 14:37:45.507 [main] INFO  Opening 'hardware/rev_b/skysweep32_pro_rev_b.dsn'...
2026-08-10 14:37:45.845 [ForkJoinPool.commonPool-worker-1] INFO  New version available: v2.3.0
2026-08-10 14:38:07.108 [main] WARN  Multi-threaded route optimization is broken and it is known to generate clearance violations. It is highly recommended to use the single-threaded route optimization instead by setting the number of threads to 1 with the '-mt 1' command line argument.
2026-08-10 14:38:07.111 [Thread-28] INFO  Starting auto-routing...
2026-08-10 19:49:50.777 [main] INFO  Freerouting v1.9.0 (build-date: 2023-10-30)
2026-08-10 19:49:52.047 [main] INFO  Opening 'hardware/rev_b/skysweep32_pro_rev_b.dsn'...
2026-08-10 19:49:52.540 [ForkJoinPool.commonPool-worker-1] INFO  New version available: v2.3.0
2026-08-10 19:50:13.362 [main] WARN  Multi-threaded route optimization is broken and it is known to generate clearance violations. It is highly recommended to use the single-threaded route optimization instead by setting the number of threads to 1 with the '-mt 1' command line argument.
2026-08-10 19:50:13.364 [Thread-28] INFO  Starting auto-routing...
2026-08-10 19:52:36.160 [Thread-28] WARN  There were only 16.75 changes in the last 20 passes, so it's very likely that autorouter can't improve the result much further. It is recommended to stop it and finish the board manually.
2026-08-10 19:53:51.468 [Thread-28] WARN  There were only 12.85 changes in the last 40 passes, so it's very likely that autorouter can't improve the result much further. It is recommended to stop it and finish the board manually.
2026-08-10 19:53:51.471 [Thread-28] INFO  Auto-routing was completed in 3 minute(s) 38.11 seconds.
2026-08-10 19:53:51.577 [Thread-28] INFO  Starting route optimization on 4 threads...
2026-08-10 19:53:55.880 [Thread-28] INFO  Route optimization was completed in 4.30 seconds.
2026-08-10 19:53:55.897 [Thread-28] INFO  Saving 'hardware/rev_b/skysweep32_pro_rev_b.ses'...
2026-08-10 20:59:47.516 [main] INFO  Freerouting v1.9.0 (build-date: 2023-10-30)
2026-08-10 20:59:47.560 [main] INFO  Settings were loaded from freerouting.json
2026-08-10 20:59:48.733 [main] INFO  Opening 'hardware/rev_b/skysweep32_pro_rev_b.dsn'...
2026-08-10 20:59:49.211 [ForkJoinPool.commonPool-worker-1] INFO  New version available: v2.3.0
2026-08-10 21:00:10.047 [main] WARN  Multi-threaded route optimization is broken and it is known to generate clearance violations. It is highly recommended to use the single-threaded route optimization instead by setting the number of threads to 1 with the '-mt 1' command line argument.
2026-08-10 21:00:10.050 [Thread-28] INFO  Starting auto-routing...
2026-08-10 21:02:36.962 [Thread-28] WARN  There were only 19.40 changes in the last 20 passes, so it's very likely that autorouter can't improve the result much further. It is recommended to stop it and finish the board manually.
2026-08-10 21:04:16.193 [Thread-28] WARN  There were only 14.30 changes in the last 40 passes, so it's very likely that autorouter can't improve the result much further. It is recommended to stop it and finish the board manually.
2026-08-10 21:04:21.148 [Thread-28] INFO  Auto-routing was completed in 4 minute(s) 11.10 seconds.
2026-08-10 21:04:21.259 [Thread-28] INFO  Starting route optimization on 4 threads...
2026-08-10 21:04:25.881 [Thread-28] INFO  Route optimization was completed in 4.62 seconds.
2026-08-10 21:04:25.895 [Thread-28] INFO  Saving 'hardware/rev_b/skysweep32_pro_rev_b.ses'...
