ERC report (2026-08-10T13:04:49, Encoding UTF8)
Report includes: Errors, Warnings

***** Sheet /
[footprint_link_issues]: Текущая конфигурация не включает библиотеку посадочных мест 'SkySweep32'
    ; warning
    @(46.99 mm, 228.60 mm): Symbol BZ1 [Buzzer]
[footprint_link_issues]: Текущая конфигурация не включает библиотеку посадочных мест 'SkySweep32'
    ; warning
    @(340.36 mm, 139.70 mm): Symbol J6 [Conn_01x05]
[footprint_link_issues]: Текущая конфигурация не включает библиотеку посадочных мест 'SkySweep32'
    ; warning
    @(355.60 mm, 39.37 mm): Symbol J2 [Conn_01x08]
[footprint_link_issues]: Текущая конфигурация не включает библиотеку посадочных мест 'SkySweep32'
    ; warning
    @(355.60 mm, 77.47 mm): Symbol J4 [Conn_01x09]
[footprint_link_issues]: Текущая конфигурация не включает библиотеку посадочных мест 'SkySweep32'
    ; warning
    @(379.73 mm, 219.71 mm): Symbol J3 [Conn_01x22]
[isolated_pin_label]: Label connected to only one pin
    ; warning
    @(389.89 mm, 85.09 mm): Label 'RX5808_RF_PAD'
[footprint_link_issues]: Текущая конфигурация не включает библиотеку посадочных мест 'SkySweep32'
    ; warning
    @(389.89 mm, 139.70 mm): Symbol J7 [Conn_01x07]
[footprint_link_issues]: Текущая конфигурация не включает библиотеку посадочных мест 'SkySweep32'
    ; warning
    @(394.97 mm, 77.47 mm): Symbol J5 [Conn_01x07]

 ** ERC messages: 8  Errors 0  Warnings 8

 ** Ignored checks:
    - Global label only appears once in the schematic
    - Four connection points are joined together
    - SPICE model issue
    - Assigned footprint doesn't match footprint filters
