** Drc report for skysweep32_pro_rev_b.kicad_pcb **
** Created on 2026-08-10T21:04:29 **
** Report includes: Errors, Warnings **

** Found 375 DRC violations **
[hole_clearance]: Нарушение зазора между отв. (ограничения настроек отверстия зазор 0.2500 mm; текущий 0.1944 mm)
    Rule: ограничения настроек отверстия; error
    @(26.2000 mm, 19.6800 mm): Pad B12 [GND] of J1 on F.Cu
    @(25.8900 mm, 18.6050 mm): NPTH pad of J1
[hole_clearance]: Нарушение зазора между отв. (ограничения настроек отверстия зазор 0.2500 mm; текущий 0.1944 mm)
    Rule: ограничения настроек отверстия; error
    @(19.8000 mm, 19.6800 mm): Pad A12 [GND] of J1 on F.Cu
    @(20.1100 mm, 18.6050 mm): NPTH pad of J1
[hole_clearance]: Нарушение зазора между отв. (ограничения настроек отверстия зазор 0.2500 mm; текущий 0.1944 mm)
    Rule: ограничения настроек отверстия; error
    @(19.8000 mm, 19.6800 mm): Pad B1 [GND] of J1 on F.Cu
    @(20.1100 mm, 18.6050 mm): NPTH pad of J1
[hole_clearance]: Нарушение зазора между отв. (ограничения настроек отверстия зазор 0.2500 mm; текущий 0.1944 mm)
    Rule: ограничения настроек отверстия; error
    @(26.2000 mm, 19.6800 mm): Pad A1 [GND] of J1 on F.Cu
    @(25.8900 mm, 18.6050 mm): NPTH pad of J1
[clearance]: Нарушение зазора ( зазор 0.2500 mm; текущий 0.2000 mm)
    Local override; error
    @(39.2000 mm, 31.0000 mm): PTH pad 1 [POWER_GOOD] of TP2
    @(36.0000 mm, 31.0000 mm): PTH pad 1 [VBUS_PROTECTED] of TP1
[clearance]: Нарушение зазора ( зазор 0.2500 mm; текущий 0.2000 mm)
    Local override; error
    @(39.2000 mm, 31.0000 mm): PTH pad 1 [POWER_GOOD] of TP2
    @(36.0000 mm, 31.0000 mm): PTH pad 1 [VBUS_PROTECTED] of TP1
[clearance]: Нарушение зазора ( зазор 0.2500 mm; текущий 0.2000 mm)
    Local override; error
    @(39.2000 mm, 31.0000 mm): PTH pad 1 [POWER_GOOD] of TP2
    @(36.0000 mm, 31.0000 mm): PTH pad 1 [VBUS_PROTECTED] of TP1
[clearance]: Нарушение зазора ( зазор 0.2500 mm; текущий 0.2000 mm)
    Local override; error
    @(39.2000 mm, 31.0000 mm): PTH pad 1 [POWER_GOOD] of TP2
    @(36.0000 mm, 31.0000 mm): PTH pad 1 [VBUS_PROTECTED] of TP1
[hole_clearance]: Нарушение зазора между отв. (ограничения настроек отверстия зазор 0.2500 mm; текущий 0.0000 mm)
    Rule: ограничения настроек отверстия; error
    @(14.2250 mm, 14.0000 mm): Pad 1 [ESP_EN] of C9 on F.Cu
    @(15.0000 mm, 15.0000 mm): NPTH pad of H1
[hole_clearance]: Нарушение зазора между отв. (ограничения настроек отверстия зазор 0.2500 mm; текущий 0.0000 mm)
    Rule: ограничения настроек отверстия; error
    @(15.7750 mm, 14.0000 mm): Pad 2 [GND] of C9 on F.Cu
    @(15.0000 mm, 15.0000 mm): NPTH pad of H1
[clearance]: Нарушение зазора ( зазор 0.2500 mm; текущий 0.2000 mm)
    Local override; error
    @(71.2000 mm, 31.0000 mm): PTH pad 1 [VBAT_SENSE_IN] of TP12
    @(68.0000 mm, 31.0000 mm): PTH pad 1 [GPS_PPS] of TP11
[clearance]: Нарушение зазора ( зазор 0.2500 mm; текущий 0.2000 mm)
    Local override; error
    @(71.2000 mm, 31.0000 mm): PTH pad 1 [VBAT_SENSE_IN] of TP12
    @(68.0000 mm, 31.0000 mm): PTH pad 1 [GPS_PPS] of TP11
[clearance]: Нарушение зазора ( зазор 0.2500 mm; текущий 0.2000 mm)
    Local override; error
    @(71.2000 mm, 31.0000 mm): PTH pad 1 [VBAT_SENSE_IN] of TP12
    @(68.0000 mm, 31.0000 mm): PTH pad 1 [GPS_PPS] of TP11
[clearance]: Нарушение зазора ( зазор 0.2500 mm; текущий 0.2000 mm)
    Local override; error
    @(71.2000 mm, 31.0000 mm): PTH pad 1 [VBAT_SENSE_IN] of TP12
    @(68.0000 mm, 31.0000 mm): PTH pad 1 [GPS_PPS] of TP11
[clearance]: Нарушение зазора ( зазор 0.2500 mm; текущий 0.2000 mm)
    Local override; error
    @(64.8000 mm, 31.0000 mm): PTH pad 1 [VBAT_ADC] of TP10
    @(61.6000 mm, 31.0000 mm): PTH pad 1 [RX5808_RSSI] of TP9
[clearance]: Нарушение зазора ( зазор 0.2500 mm; текущий 0.2000 mm)
    Local override; error
    @(64.8000 mm, 31.0000 mm): PTH pad 1 [VBAT_ADC] of TP10
    @(68.0000 mm, 31.0000 mm): PTH pad 1 [GPS_PPS] of TP11
[clearance]: Нарушение зазора ( зазор 0.2500 mm; текущий 0.2000 mm)
    Local override; error
    @(64.8000 mm, 31.0000 mm): PTH pad 1 [VBAT_ADC] of TP10
    @(68.0000 mm, 31.0000 mm): PTH pad 1 [GPS_PPS] of TP11
[clearance]: Нарушение зазора ( зазор 0.2500 mm; текущий 0.2000 mm)
    Local override; error
    @(64.8000 mm, 31.0000 mm): PTH pad 1 [VBAT_ADC] of TP10
    @(61.6000 mm, 31.0000 mm): PTH pad 1 [RX5808_RSSI] of TP9
[clearance]: Нарушение зазора ( зазор 0.2500 mm; текущий 0.2000 mm)
    Local override; error
    @(64.8000 mm, 31.0000 mm): PTH pad 1 [VBAT_ADC] of TP10
    @(61.6000 mm, 31.0000 mm): PTH pad 1 [RX5808_RSSI] of TP9
[clearance]: Нарушение зазора ( зазор 0.2500 mm; текущий 0.2000 mm)
    Local override; error
    @(64.8000 mm, 31.0000 mm): PTH pad 1 [VBAT_ADC] of TP10
    @(68.0000 mm, 31.0000 mm): PTH pad 1 [GPS_PPS] of TP11
[clearance]: Нарушение зазора ( зазор 0.2500 mm; текущий 0.1250 mm)
    Local override; error
    @(24.8250 mm, 42.0000 mm): Pad 2 [CC1101_CSN] of R24 on F.Cu
    @(26.2500 mm, 41.7400 mm): Pad 9 [3V3_CC] of J3 on F.Cu
[clearance]: Нарушение зазора ( зазор 0.2500 mm; текущий 0.2000 mm)
    Local override; error
    @(64.8000 mm, 31.0000 mm): PTH pad 1 [VBAT_ADC] of TP10
    @(68.0000 mm, 31.0000 mm): PTH pad 1 [GPS_PPS] of TP11
[clearance]: Нарушение зазора ( зазор 0.2500 mm; текущий 0.2000 mm)
    Local override; error
    @(64.8000 mm, 31.0000 mm): PTH pad 1 [VBAT_ADC] of TP10
    @(61.6000 mm, 31.0000 mm): PTH pad 1 [RX5808_RSSI] of TP9
[clearance]: Нарушение зазора ( зазор 0.2500 mm; текущий 0.2000 mm)
    Local override; error
    @(42.4000 mm, 31.0000 mm): PTH pad 1 [3V3_MAIN] of TP3
    @(45.6000 mm, 31.0000 mm): PTH pad 1 [GND] of TP4
[clearance]: Нарушение зазора ( зазор 0.2500 mm; текущий 0.2000 mm)
    Local override; error
    @(42.4000 mm, 31.0000 mm): PTH pad 1 [3V3_MAIN] of TP3
    @(39.2000 mm, 31.0000 mm): PTH pad 1 [POWER_GOOD] of TP2
[clearance]: Нарушение зазора ( зазор 0.2500 mm; текущий 0.2000 mm)
    Local override; error
    @(42.4000 mm, 31.0000 mm): PTH pad 1 [3V3_MAIN] of TP3
    @(45.6000 mm, 31.0000 mm): PTH pad 1 [GND] of TP4
[clearance]: Нарушение зазора ( зазор 0.2500 mm; текущий 0.2000 mm)
    Local override; error
    @(42.4000 mm, 31.0000 mm): PTH pad 1 [3V3_MAIN] of TP3
    @(39.2000 mm, 31.0000 mm): PTH pad 1 [POWER_GOOD] of TP2
[clearance]: Нарушение зазора ( зазор 0.2500 mm; текущий 0.2000 mm)
    Local override; error
    @(42.4000 mm, 31.0000 mm): PTH pad 1 [3V3_MAIN] of TP3
    @(45.6000 mm, 31.0000 mm): PTH pad 1 [GND] of TP4
[clearance]: Нарушение зазора ( зазор 0.2500 mm; текущий 0.2000 mm)
    Local override; error
    @(42.4000 mm, 31.0000 mm): PTH pad 1 [3V3_MAIN] of TP3
    @(39.2000 mm, 31.0000 mm): PTH pad 1 [POWER_GOOD] of TP2
[hole_clearance]: Нарушение зазора между отв. (ограничения настроек отверстия зазор 0.2500 mm; текущий 0.0000 mm)
    Rule: ограничения настроек отверстия; error
    @(15.9250 mm, 83.9250 mm): Pad 1 [ESP_EN] of SW1 on F.Cu
    @(15.0000 mm, 85.0000 mm): NPTH pad of H4
[clearance]: Нарушение зазора ( зазор 0.2500 mm; текущий 0.2000 mm)
    Local override; error
    @(42.4000 mm, 31.0000 mm): PTH pad 1 [3V3_MAIN] of TP3
    @(45.6000 mm, 31.0000 mm): PTH pad 1 [GND] of TP4
[clearance]: Нарушение зазора ( зазор 0.2500 mm; текущий 0.2000 mm)
    Local override; error
    @(42.4000 mm, 31.0000 mm): PTH pad 1 [3V3_MAIN] of TP3
    @(39.2000 mm, 31.0000 mm): PTH pad 1 [POWER_GOOD] of TP2
[hole_clearance]: Нарушение зазора между отв. (ограничения настроек отверстия зазор 0.2500 mm; текущий 0.0000 mm)
    Rule: ограничения настроек отверстия; error
    @(15.9250 mm, 86.0750 mm): Pad 2 [GND] of SW1 on F.Cu
    @(15.0000 mm, 85.0000 mm): NPTH pad of H4
[clearance]: Нарушение зазора ( зазор 0.2000 mm; текущий 0.0250 mm)
    Local override; error
    @(35.7750 mm, 34.0000 mm): Pad 2 [GND] of C8 on F.Cu
    @(36.0000 mm, 36.0000 mm): PTH pad 1 [NRF24_IRQ_TP] of TP13
[clearance]: Нарушение зазора ( зазор 0.2500 mm; текущий 0.0500 mm)
    Local override; error
    @(36.2125 mm, 27.0000 mm): Pad 1 [STATUS_LED_DRIVE] of D2 on F.Cu
    @(36.1750 mm, 28.0000 mm): Pad 1 [3V3_MAIN] of R10 on F.Cu
[clearance]: Нарушение зазора ( зазор 0.2000 mm; текущий 0.0500 mm)
    Local override; error
    @(37.7875 mm, 27.0000 mm): Pad 2 [GND] of D2 on F.Cu
    @(37.8250 mm, 28.0000 mm): Pad 2 [POWER_GOOD] of R10 on F.Cu
[clearance]: Нарушение зазора ( зазор 0.2500 mm; текущий 0.2000 mm)
    Local override; error
    @(50.8000 mm, 27.0000 mm): Pad 1 [3V3_MAIN] of D6 on F.Cu
    @(49.2000 mm, 27.0000 mm): Pad 2 [BUZZER_DRAIN] of D5 on F.Cu
[courtyards_overlap]: Courtyards overlap
    Rule: ограничение настроек области установки; error
    @(100.0000 mm, 74.0000 mm): Footprint J4
    @(116.0000 mm, 50.0000 mm): Footprint J5
[courtyards_overlap]: Courtyards overlap
    Rule: ограничение настроек области установки; error
    @(100.0000 mm, 74.0000 mm): Footprint J4
    @(94.0000 mm, 84.0000 mm): Footprint R26
[courtyards_overlap]: Courtyards overlap
    Rule: ограничение настроек области установки; error
    @(100.0000 mm, 74.0000 mm): Footprint J4
    @(94.0000 mm, 64.0000 mm): Footprint C17
[courtyards_overlap]: Courtyards overlap
    Rule: ограничение настроек области установки; error
    @(100.0000 mm, 74.0000 mm): Footprint J4
    @(104.0000 mm, 64.0000 mm): Footprint C26
[courtyards_overlap]: Courtyards overlap
    Rule: ограничение настроек области установки; error
    @(100.0000 mm, 74.0000 mm): Footprint J4
    @(94.0000 mm, 62.0000 mm): Footprint C16
[courtyards_overlap]: Courtyards overlap
    Rule: ограничение настроек области установки; error
    @(100.0000 mm, 74.0000 mm): Footprint J4
    @(104.0000 mm, 84.0000 mm): Footprint R28
[courtyards_overlap]: Courtyards overlap
    Rule: ограничение настроек области установки; error
    @(100.0000 mm, 74.0000 mm): Footprint J4
    @(99.0000 mm, 84.0000 mm): Footprint R27
[courtyards_overlap]: Courtyards overlap
    Rule: ограничение настроек области установки; error
    @(100.0000 mm, 74.0000 mm): Footprint J4
    @(94.0000 mm, 86.0000 mm): Footprint R25
[courtyards_overlap]: Courtyards overlap
    Rule: ограничение настроек области установки; error
    @(100.0000 mm, 74.0000 mm): Footprint J4
    @(120.0000 mm, 68.0000 mm): Footprint BZ1
[courtyards_overlap]: Courtyards overlap
    Rule: ограничение настроек области установки; error
    @(100.0000 mm, 74.0000 mm): Footprint J4
    @(99.0000 mm, 64.0000 mm): Footprint C25
[courtyards_overlap]: Courtyards overlap
    Rule: ограничение настроек области установки; error
    @(100.0000 mm, 74.0000 mm): Footprint J4
    @(109.0000 mm, 64.0000 mm): Footprint FB6
[courtyards_overlap]: Courtyards overlap
    Rule: ограничение настроек области установки; error
    @(52.0000 mm, 36.0000 mm): Footprint TP18
    @(48.8000 mm, 36.0000 mm): Footprint TP17
[courtyards_overlap]: Courtyards overlap
    Rule: ограничение настроек области установки; error
    @(52.0000 mm, 36.0000 mm): Footprint TP18
    @(55.2000 mm, 36.0000 mm): Footprint TP19
[courtyards_overlap]: Courtyards overlap
    Rule: ограничение настроек области установки; error
    @(94.0000 mm, 59.0000 mm): Footprint C22
    @(94.0000 mm, 62.0000 mm): Footprint C16
[courtyards_overlap]: Courtyards overlap
    Rule: ограничение настроек области установки; error
    @(120.0000 mm, 65.0000 mm): Footprint R36
    @(120.0000 mm, 64.0000 mm): Footprint Q1
[courtyards_overlap]: Courtyards overlap
    Rule: ограничение настроек области установки; error
    @(120.0000 mm, 65.0000 mm): Footprint R36
    @(120.0000 mm, 68.0000 mm): Footprint BZ1
[courtyards_overlap]: Courtyards overlap
    Rule: ограничение настроек области установки; error
    @(58.4000 mm, 36.0000 mm): Footprint TP20
    @(61.6000 mm, 36.0000 mm): Footprint TP21
[courtyards_overlap]: Courtyards overlap
    Rule: ограничение настроек области установки; error
    @(58.4000 mm, 36.0000 mm): Footprint TP20
    @(55.2000 mm, 36.0000 mm): Footprint TP19
[courtyards_overlap]: Courtyards overlap
    Rule: ограничение настроек области установки; error
    @(116.0000 mm, 50.0000 mm): Footprint J5
    @(118.0000 mm, 28.0000 mm): Footprint J2
[courtyards_overlap]: Courtyards overlap
    Rule: ограничение настроек области установки; error
    @(116.0000 mm, 50.0000 mm): Footprint J5
    @(120.0000 mm, 68.0000 mm): Footprint BZ1
[courtyards_overlap]: Courtyards overlap
    Rule: ограничение настроек области установки; error
    @(116.0000 mm, 50.0000 mm): Footprint J5
    @(120.0000 mm, 62.0000 mm): Footprint R35
[courtyards_overlap]: Courtyards overlap
    Rule: ограничение настроек области установки; error
    @(31.0000 mm, 34.0000 mm): Footprint R8
    @(30.0000 mm, 34.0000 mm): Footprint C7
[courtyards_overlap]: Courtyards overlap
    Rule: ограничение настроек области установки; error
    @(120.0000 mm, 73.0000 mm): Footprint R37
    @(120.0000 mm, 68.0000 mm): Footprint BZ1
[courtyards_overlap]: Courtyards overlap
    Rule: ограничение настроек области установки; error
    @(120.0000 mm, 73.0000 mm): Footprint R37
    @(120.0000 mm, 74.0000 mm): Footprint Q2
[courtyards_overlap]: Courtyards overlap
    Rule: ограничение настроек области установки; error
    @(23.0000 mm, 16.0000 mm): Footprint J1
    @(15.0000 mm, 15.0000 mm): Footprint H1
[pth_inside_courtyard]: PTH inside courtyard
    Local override; error
    @(18.6800 mm, 14.9250 mm): PTH pad SH [USB_SHIELD] of J1
    @(15.0000 mm, 15.0000 mm): Footprint H1
[courtyards_overlap]: Courtyards overlap
    Rule: ограничение настроек области установки; error
    @(31.0000 mm, 54.0000 mm): Footprint FB4
    @(19.5000 mm, 68.0000 mm): Footprint J7
[courtyards_overlap]: Courtyards overlap
    Rule: ограничение настроек области установки; error
    @(104.0000 mm, 20.0000 mm): Footprint C11
    @(94.0000 mm, 23.0000 mm): Footprint J6
[courtyards_overlap]: Courtyards overlap
    Rule: ограничение настроек области установки; error
    @(48.8000 mm, 36.0000 mm): Footprint TP17
    @(45.6000 mm, 36.0000 mm): Footprint TP16
[courtyards_overlap]: Courtyards overlap
    Rule: ограничение настроек области установки; error
    @(120.0000 mm, 64.0000 mm): Footprint Q1
    @(120.0000 mm, 68.0000 mm): Footprint BZ1
[courtyards_overlap]: Courtyards overlap
    Rule: ограничение настроек области установки; error
    @(120.0000 mm, 64.0000 mm): Footprint Q1
    @(120.0000 mm, 62.0000 mm): Footprint R35
[courtyards_overlap]: Courtyards overlap
    Rule: ограничение настроек области установки; error
    @(18.0000 mm, 30.0000 mm): Footprint C3
    @(15.0000 mm, 27.0000 mm): Footprint D1
[courtyards_overlap]: Courtyards overlap
    Rule: ограничение настроек области установки; error
    @(53.0000 mm, 27.0000 mm): Footprint D6
    @(47.0000 mm, 27.0000 mm): Footprint D5
[courtyards_overlap]: Courtyards overlap
    Rule: ограничение настроек области установки; error
    @(31.0000 mm, 64.0000 mm): Footprint C28
    @(19.5000 mm, 68.0000 mm): Footprint J7
[courtyards_overlap]: Courtyards overlap
    Rule: ограничение настроек области установки; error
    @(94.0000 mm, 64.0000 mm): Footprint C17
    @(94.0000 mm, 62.0000 mm): Footprint C16
[courtyards_overlap]: Courtyards overlap
    Rule: ограничение настроек области установки; error
    @(94.0000 mm, 23.0000 mm): Footprint J6
    @(104.0000 mm, 25.0000 mm): Footprint FB3
[courtyards_overlap]: Courtyards overlap
    Rule: ограничение настроек области установки; error
    @(94.0000 mm, 23.0000 mm): Footprint J6
    @(118.0000 mm, 28.0000 mm): Footprint J2
[pth_inside_courtyard]: PTH inside courtyard
    Local override; error
    @(110.7500 mm, 19.1100 mm): PTH pad 1 [GND] of J2
    @(94.0000 mm, 23.0000 mm): Footprint J6
[pth_inside_courtyard]: PTH inside courtyard
    Local override; error
    @(110.7500 mm, 21.6500 mm): PTH pad 2 [3V3_NRF] of J2
    @(94.0000 mm, 23.0000 mm): Footprint J6
[pth_inside_courtyard]: PTH inside courtyard
    Local override; error
    @(110.7500 mm, 24.1900 mm): PTH pad 3 [NRF24_CE] of J2
    @(94.0000 mm, 23.0000 mm): Footprint J6
[pth_inside_courtyard]: PTH inside courtyard
    Local override; error
    @(110.7500 mm, 26.7300 mm): PTH pad 4 [NRF24_CSN] of J2
    @(94.0000 mm, 23.0000 mm): Footprint J6
[pth_inside_courtyard]: PTH inside courtyard
    Local override; error
    @(110.7500 mm, 29.2700 mm): PTH pad 5 [RF_SPI_SCK] of J2
    @(94.0000 mm, 23.0000 mm): Footprint J6
[pth_inside_courtyard]: PTH inside courtyard
    Local override; error
    @(110.7500 mm, 31.8100 mm): PTH pad 6 [RF_SPI_MOSI] of J2
    @(94.0000 mm, 23.0000 mm): Footprint J6
[pth_inside_courtyard]: PTH inside courtyard
    Local override; error
    @(110.7500 mm, 34.3500 mm): PTH pad 7 [RF_SPI_MISO] of J2
    @(94.0000 mm, 23.0000 mm): Footprint J6
[npth_inside_courtyard]: NPTH inside courtyard
    Local override; error
    @(109.2500 mm, 13.0000 mm): NPTH pad of J6
    @(118.0000 mm, 28.0000 mm): Footprint J2
[courtyards_overlap]: Courtyards overlap
    Rule: ограничение настроек области установки; error
    @(94.0000 mm, 23.0000 mm): Footprint J6
    @(104.0000 mm, 15.0000 mm): Footprint C10
[courtyards_overlap]: Courtyards overlap
    Rule: ограничение настроек области установки; error
    @(94.0000 mm, 23.0000 mm): Footprint J6
    @(70.0000 mm, 14.0000 mm): Footprint J9
[pth_inside_courtyard]: PTH inside courtyard
    Local override; error
    @(76.0000 mm, 14.0000 mm): PTH pad 4 [I2C_SCL] of J9
    @(94.0000 mm, 23.0000 mm): Footprint J6
[npth_inside_courtyard]: NPTH inside courtyard
    Local override; error
    @(78.7500 mm, 13.0000 mm): NPTH pad of J6
    @(70.0000 mm, 14.0000 mm): Footprint J9
[courtyards_overlap]: Courtyards overlap
    Rule: ограничение настроек области установки; error
    @(37.0000 mm, 27.0000 mm): Footprint D2
    @(37.0000 mm, 28.0000 mm): Footprint R10
[courtyards_overlap]: Courtyards overlap
    Rule: ограничение настроек области установки; error
    @(52.0000 mm, 31.0000 mm): Footprint TP6
    @(55.2000 mm, 31.0000 mm): Footprint TP7
[courtyards_overlap]: Courtyards overlap
    Rule: ограничение настроек области установки; error
    @(52.0000 mm, 31.0000 mm): Footprint TP6
    @(48.8000 mm, 31.0000 mm): Footprint TP5
[courtyards_overlap]: Courtyards overlap
    Rule: ограничение настроек области установки; error
    @(31.0000 mm, 69.0000 mm): Footprint C29
    @(19.5000 mm, 68.0000 mm): Footprint J7
[courtyards_overlap]: Courtyards overlap
    Rule: ограничение настроек области установки; error
    @(35.0000 mm, 34.0000 mm): Footprint C8
    @(36.0000 mm, 36.0000 mm): Footprint TP13
[courtyards_overlap]: Courtyards overlap
    Rule: ограничение настроек области установки; error
    @(18.0000 mm, 85.0000 mm): Footprint SW1
    @(15.0000 mm, 85.0000 mm): Footprint H4
[npth_inside_courtyard]: NPTH inside courtyard
    Local override; error
    @(15.0000 mm, 85.0000 mm): NPTH pad of H4
    @(18.0000 mm, 85.0000 mm): Footprint SW1
[courtyards_overlap]: Courtyards overlap
    Rule: ограничение настроек области установки; error
    @(45.6000 mm, 36.0000 mm): Footprint TP16
    @(42.4000 mm, 36.0000 mm): Footprint TP15
[courtyards_overlap]: Courtyards overlap
    Rule: ограничение настроек области установки; error
    @(61.6000 mm, 36.0000 mm): Footprint TP21
    @(64.8000 mm, 36.0000 mm): Footprint TP22
[courtyards_overlap]: Courtyards overlap
    Rule: ограничение настроек области установки; error
    @(55.2000 mm, 31.0000 mm): Footprint TP7
    @(58.4000 mm, 31.0000 mm): Footprint TP8
[courtyards_overlap]: Courtyards overlap
    Rule: ограничение настроек области установки; error
    @(42.4000 mm, 31.0000 mm): Footprint TP3
    @(45.6000 mm, 31.0000 mm): Footprint TP4
[courtyards_overlap]: Courtyards overlap
    Rule: ограничение настроек области установки; error
    @(42.4000 mm, 31.0000 mm): Footprint TP3
    @(39.2000 mm, 31.0000 mm): Footprint TP2
[courtyards_overlap]: Courtyards overlap
    Rule: ограничение настроек области установки; error
    @(55.0000 mm, 14.0000 mm): Footprint J8
    @(53.0000 mm, 20.0000 mm): Footprint L1
[courtyards_overlap]: Courtyards overlap
    Rule: ограничение настроек области установки; error
    @(118.0000 mm, 28.0000 mm): Footprint J2
    @(125.0000 mm, 15.0000 mm): Footprint H2
[npth_inside_courtyard]: NPTH inside courtyard
    Local override; error
    @(125.0000 mm, 15.0000 mm): NPTH pad of H2
    @(118.0000 mm, 28.0000 mm): Footprint J2
[courtyards_overlap]: Courtyards overlap
    Rule: ограничение настроек области установки; error
    @(48.8000 mm, 31.0000 mm): Footprint TP5
    @(45.6000 mm, 31.0000 mm): Footprint TP4
[courtyards_overlap]: Courtyards overlap
    Rule: ограничение настроек области установки; error
    @(24.0000 mm, 42.0000 mm): Footprint R24
    @(19.5000 mm, 48.0000 mm): Footprint J3
[courtyards_overlap]: Courtyards overlap
    Rule: ограничение настроек области установки; error
    @(64.8000 mm, 31.0000 mm): Footprint TP10
    @(68.0000 mm, 31.0000 mm): Footprint TP11
[courtyards_overlap]: Courtyards overlap
    Rule: ограничение настроек области установки; error
    @(64.8000 mm, 31.0000 mm): Footprint TP10
    @(61.6000 mm, 31.0000 mm): Footprint TP9
[courtyards_overlap]: Courtyards overlap
    Rule: ограничение настроек области установки; error
    @(29.0000 mm, 24.0000 mm): Footprint D4
    @(29.0000 mm, 23.0000 mm): Footprint D3
[courtyards_overlap]: Courtyards overlap
    Rule: ограничение настроек области установки; error
    @(42.4000 mm, 36.0000 mm): Footprint TP15
    @(39.2000 mm, 36.0000 mm): Footprint TP14
[courtyards_overlap]: Courtyards overlap
    Rule: ограничение настроек области установки; error
    @(120.0000 mm, 76.0000 mm): Footprint R38
    @(120.0000 mm, 78.0000 mm): Footprint J11
[courtyards_overlap]: Courtyards overlap
    Rule: ограничение настроек области установки; error
    @(120.0000 mm, 76.0000 mm): Footprint R38
    @(120.0000 mm, 74.0000 mm): Footprint Q2
[courtyards_overlap]: Courtyards overlap
    Rule: ограничение настроек области установки; error
    @(71.2000 mm, 31.0000 mm): Footprint TP12
    @(68.0000 mm, 31.0000 mm): Footprint TP11
[courtyards_overlap]: Courtyards overlap
    Rule: ограничение настроек области установки; error
    @(15.0000 mm, 14.0000 mm): Footprint C9
    @(15.0000 mm, 15.0000 mm): Footprint H1
[npth_inside_courtyard]: NPTH inside courtyard
    Local override; error
    @(15.0000 mm, 15.0000 mm): NPTH pad of H1
    @(15.0000 mm, 14.0000 mm): Footprint C9
[courtyards_overlap]: Courtyards overlap
    Rule: ограничение настроек области установки; error
    @(120.0000 mm, 78.0000 mm): Footprint J11
    @(120.0000 mm, 74.0000 mm): Footprint Q2
[courtyards_overlap]: Courtyards overlap
    Rule: ограничение настроек области установки; error
    @(19.5000 mm, 68.0000 mm): Footprint J7
    @(33.0000 mm, 80.0000 mm): Footprint R33
[courtyards_overlap]: Courtyards overlap
    Rule: ограничение настроек области установки; error
    @(19.5000 mm, 68.0000 mm): Footprint J7
    @(13.0000 mm, 65.0000 mm): Footprint J10
[pth_inside_courtyard]: PTH inside courtyard
    Local override; error
    @(13.0000 mm, 65.0000 mm): PTH pad 1 [VBAT_SENSE_IN] of J10
    @(19.5000 mm, 68.0000 mm): Footprint J7
[pth_inside_courtyard]: PTH inside courtyard
    Local override; error
    @(13.0000 mm, 63.0000 mm): PTH pad 2 [GND] of J10
    @(19.5000 mm, 68.0000 mm): Footprint J7
[courtyards_overlap]: Courtyards overlap
    Rule: ограничение настроек области установки; error
    @(19.5000 mm, 68.0000 mm): Footprint J7
    @(33.0000 mm, 76.0000 mm): Footprint R32
[courtyards_overlap]: Courtyards overlap
    Rule: ограничение настроек области установки; error
    @(19.5000 mm, 68.0000 mm): Footprint J7
    @(19.5000 mm, 48.0000 mm): Footprint J3
[courtyards_overlap]: Courtyards overlap
    Rule: ограничение настроек области установки; error
    @(19.5000 mm, 68.0000 mm): Footprint J7
    @(30.0000 mm, 78.0000 mm): Footprint C31
[courtyards_overlap]: Courtyards overlap
    Rule: ограничение настроек области установки; error
    @(39.2000 mm, 36.0000 mm): Footprint TP14
    @(36.0000 mm, 36.0000 mm): Footprint TP13
[courtyards_overlap]: Courtyards overlap
    Rule: ограничение настроек области установки; error
    @(68.0000 mm, 36.0000 mm): Footprint TP23
    @(64.8000 mm, 36.0000 mm): Footprint TP22
[courtyards_overlap]: Courtyards overlap
    Rule: ограничение настроек области установки; error
    @(68.0000 mm, 36.0000 mm): Footprint TP23
    @(71.2000 mm, 36.0000 mm): Footprint TP24
[courtyards_overlap]: Courtyards overlap
    Rule: ограничение настроек области установки; error
    @(15.0000 mm, 23.0000 mm): Footprint F1
    @(15.0000 mm, 27.0000 mm): Footprint D1
[courtyards_overlap]: Courtyards overlap
    Rule: ограничение настроек области установки; error
    @(120.0000 mm, 68.0000 mm): Footprint BZ1
    @(120.0000 mm, 62.0000 mm): Footprint R35
[courtyards_overlap]: Courtyards overlap
    Rule: ограничение настроек области установки; error
    @(120.0000 mm, 68.0000 mm): Footprint BZ1
    @(120.0000 mm, 74.0000 mm): Footprint Q2
[courtyards_overlap]: Courtyards overlap
    Rule: ограничение настроек области установки; error
    @(15.0000 mm, 18.0000 mm): Footprint R3
    @(15.0000 mm, 15.0000 mm): Footprint H1
[courtyards_overlap]: Courtyards overlap
    Rule: ограничение настроек области установки; error
    @(39.2000 mm, 31.0000 mm): Footprint TP2
    @(36.0000 mm, 31.0000 mm): Footprint TP1
[courtyards_overlap]: Courtyards overlap
    Rule: ограничение настроек области установки; error
    @(58.4000 mm, 31.0000 mm): Footprint TP8
    @(61.6000 mm, 31.0000 mm): Footprint TP9
[courtyards_overlap]: Courtyards overlap
    Rule: ограничение настроек области установки; error
    @(30.0000 mm, 84.0000 mm): Footprint R34
    @(30.0000 mm, 85.0000 mm): Footprint SW3
[starved_thermal]: Неполное подключение терморазгрузки к зоне (слой F.Cu; зоны мин. кол-во мостиков 2; текущее 1)
    Local override; error
    @(10.6000 mm, 10.6000 mm): Zone [GND] on F.Cu, priority 0
    @(119.1750 mm, 65.0000 mm): Pad 1 [GND] of R36 on F.Cu
[starved_thermal]: Неполное подключение терморазгрузки к зоне (слой B.Cu; зоны мин. кол-во мостиков 2; текущее 1)
    Local override; error
    @(10.6000 mm, 10.6000 mm): Zone [GND] on B.Cu, priority 0
    @(83.8400 mm, 33.2000 mm): PTH pad 1 [GND] of J6
[starved_thermal]: Неполное подключение терморазгрузки к зоне (слой F.Cu; зоны мин. кол-во мостиков 2; текущее 1)
    Local override; error
    @(10.6000 mm, 10.6000 mm): Zone [GND] on F.Cu, priority 0
    @(23.8875 mm, 25.7500 mm): Pad 8 [GND] of U2 on F.Cu
[starved_thermal]: Неполное подключение терморазгрузки к зоне (слой F.Cu; зоны мин. кол-во мостиков 2; текущее 1)
    Local override; error
    @(10.6000 mm, 10.6000 mm): Zone [GND] on F.Cu, priority 0
    @(119.0625 mm, 64.9500 mm): Pad 2 [GND] of Q1 on F.Cu
[starved_thermal]: Неполное подключение терморазгрузки к зоне (слой F.Cu; зоны мин. кол-во мостиков 2; текущее 1)
    Local override; error
    @(10.6000 mm, 10.6000 mm): Zone [GND] on F.Cu, priority 0
    @(15.7750 mm, 14.0000 mm): Pad 2 [GND] of C9 on F.Cu
[starved_thermal]: Неполное подключение терморазгрузки к зоне (слой F.Cu; зоны мин. кол-во мостиков 2; текущее 1)
    Local override; error
    @(10.6000 mm, 10.6000 mm): Zone [GND] on F.Cu, priority 0
    @(32.8625 mm, 16.0000 mm): Pad 2 [GND] of U4 on F.Cu
[starved_thermal]: Неполное подключение терморазгрузки к зоне (слой F.Cu; зоны мин. кол-во мостиков 2; текущее 1)
    Local override; error
    @(10.6000 mm, 10.6000 mm): Zone [GND] on F.Cu, priority 0
    @(26.2500 mm, 48.0900 mm): Pad 4 [GND] of J3 on F.Cu
[starved_thermal]: Неполное подключение терморазгрузки к зоне (слой F.Cu; зоны мин. кол-во мостиков 2; текущее 1)
    Local override; error
    @(10.6000 mm, 10.6000 mm): Zone [GND] on F.Cu, priority 0
    @(34.8250 mm, 28.0000 mm): Pad 2 [GND] of R9 on F.Cu
[starved_thermal]: Неполное подключение терморазгрузки к зоне (слой F.Cu; зоны мин. кол-во мостиков 2; текущее 1)
    Local override; error
    @(10.6000 mm, 10.6000 mm): Zone [GND] on F.Cu, priority 0
    @(30.7750 mm, 78.0000 mm): Pad 2 [GND] of C31 on F.Cu
[starved_thermal]: Неполное подключение терморазгрузки к зоне (слой F.Cu; зоны мин. кол-во мостиков 2; текущее 1)
    Local override; error
    @(10.6000 mm, 10.6000 mm): Zone [GND] on F.Cu, priority 0
    @(15.0000 mm, 29.0000 mm): Pad 1 [GND] of D1 on F.Cu
[starved_thermal]: Неполное подключение терморазгрузки к зоне (слой F.Cu; зоны мин. кол-во мостиков 2; текущее 1)
    Local override; error
    @(10.6000 mm, 10.6000 mm): Zone [GND] on F.Cu, priority 0
    @(51.2500 mm, 63.2600 mm): Pad 40 [GND] of U1 on F.Cu
[solder_mask_bridge]: Апертура передней паяльной маски объединяет элементы с различ. цепями
    Rule: мин. ширина маски из параметров платы; error
    @(15.0000 mm, 15.0000 mm): NPTH pad of H1
    @(14.2250 mm, 14.0000 mm): Pad 1 [ESP_EN] of C9 on F.Cu
[solder_mask_bridge]: Апертура передней паяльной маски объединяет элементы с различ. цепями
    Rule: мин. ширина маски из параметров платы; error
    @(15.0000 mm, 15.0000 mm): NPTH pad of H1
    @(15.7750 mm, 14.0000 mm): Pad 2 [GND] of C9 on F.Cu
[solder_mask_bridge]: Апертура передней паяльной маски объединяет элементы с различ. цепями
    Rule: мин. ширина маски из параметров платы; error
    @(15.0000 mm, 85.0000 mm): NPTH pad of H4
    @(15.9250 mm, 83.9250 mm): Pad 1 [ESP_EN] of SW1 on F.Cu
[solder_mask_bridge]: Апертура передней паяльной маски объединяет элементы с различ. цепями
    Rule: мин. ширина маски из параметров платы; error
    @(15.0000 mm, 85.0000 mm): NPTH pad of H4
    @(15.9250 mm, 86.0750 mm): Pad 2 [GND] of SW1 on F.Cu
[silk_edge_clearance]: Silkscreen clipped by board edge
    Rule: ограничения настроек платы; warning
    @(10.0000 mm, 86.0000 mm): Segment on Edge.Cuts
    @(12.0000 mm, 58.0000 mm): PCB text 'SUB-G' on F.Silkscreen
[silk_edge_clearance]: Silkscreen clipped by board edge
    Rule: ограничения настроек платы; warning
    @(130.0000 mm, 14.0000 mm): Segment on Edge.Cuts
    @(102.0000 mm, 38.5000 mm): Rectangle of J5 on F.Silkscreen
[silk_edge_clearance]: Silkscreen clipped by board edge
    Rule: ограничения настроек платы; warning
    @(10.0000 mm, 86.0000 mm): Segment on Edge.Cuts
    @(3.5750 mm, 55.3000 mm): Rectangle of J7 on F.Silkscreen
[silk_edge_clearance]: Silkscreen clipped by board edge
    Rule: ограничения настроек платы; warning
    @(10.0000 mm, 86.0000 mm): Segment on Edge.Cuts
    @(10.1000 mm, 64.0000 mm): Reference field of J10
[lib_footprint_issues]: Текущая конфигурация не включает библиотеку посадочных мест 'SkySweep32'
    Local override; warning
    @(100.0000 mm, 74.0000 mm): Footprint J4
[lib_footprint_issues]: Текущая конфигурация не включает библиотеку посадочных мест 'SkySweep32'
    Local override; warning
    @(116.0000 mm, 50.0000 mm): Footprint J5
[lib_footprint_issues]: Текущая конфигурация не включает библиотеку посадочных мест 'SkySweep32'
    Local override; warning
    @(94.0000 mm, 23.0000 mm): Footprint J6
[lib_footprint_issues]: Текущая конфигурация не включает библиотеку посадочных мест 'SkySweep32'
    Local override; warning
    @(118.0000 mm, 28.0000 mm): Footprint J2
[lib_footprint_issues]: Текущая конфигурация не включает библиотеку посадочных мест 'SkySweep32'
    Local override; warning
    @(19.5000 mm, 68.0000 mm): Footprint J7
[lib_footprint_issues]: Текущая конфигурация не включает библиотеку посадочных мест 'SkySweep32'
    Local override; warning
    @(120.0000 mm, 68.0000 mm): Footprint BZ1
[lib_footprint_issues]: Текущая конфигурация не включает библиотеку посадочных мест 'SkySweep32'
    Local override; warning
    @(19.5000 mm, 48.0000 mm): Footprint J3
[silk_overlap]: Silkscreen clearance
    Rule: ограничения настроек платы; warning
    @(114.0000 mm, 62.0000 mm): Rectangle of BZ1 on F.Silkscreen
    @(120.0000 mm, 61.6000 mm): Reference field of Q1
[silk_overlap]: Silkscreen clearance
    Rule: ограничения настроек платы; warning
    @(102.0000 mm, 38.5000 mm): Rectangle of J5 on F.Silkscreen
    @(120.0000 mm, 61.6000 mm): Reference field of Q1
[silk_overlap]: Silkscreen clearance
    Rule: ограничения настроек платы; warning
    @(119.7627 mm, 61.4775 mm): Segment of R35 on F.Silkscreen
    @(120.0000 mm, 61.6000 mm): Reference field of Q1
[silk_overlap]: Silkscreen clearance
    Rule: ограничения настроек платы; warning
    @(119.7627 mm, 62.5225 mm): Segment of R35 on F.Silkscreen
    @(119.2400 mm, 62.4400 mm): Segment of Q1 on F.Silkscreen
[silk_overlap]: Silkscreen clearance
    Rule: ограничения настроек платы; warning
    @(119.7627 mm, 61.4775 mm): Segment of R35 on F.Silkscreen
    @(102.0000 mm, 38.5000 mm): Rectangle of J5 on F.Silkscreen
[silk_overlap]: Silkscreen clearance
    Rule: ограничения настроек платы; warning
    @(114.0000 mm, 62.0000 mm): Rectangle of BZ1 on F.Silkscreen
    @(85.5000 mm, 61.5000 mm): Rectangle of J4 on F.Silkscreen
[silk_overlap]: Silkscreen clearance
    Rule: ограничения настроек платы; warning
    @(119.7627 mm, 76.5225 mm): Segment of R38 on F.Silkscreen
    @(121.2000 mm, 76.5500 mm): Segment of J11 on F.Silkscreen
[silk_overlap]: Silkscreen clearance
    Rule: ограничения настроек платы; warning
    @(102.0000 mm, 38.5000 mm): Rectangle of J5 on F.Silkscreen
    @(85.5000 mm, 61.5000 mm): Rectangle of J4 on F.Silkscreen
[silk_overlap]: Silkscreen clearance
    Rule: ограничения настроек платы; warning
    @(93.7627 mm, 86.5225 mm): Segment of R25 on F.Silkscreen
    @(85.5000 mm, 61.5000 mm): Rectangle of J4 on F.Silkscreen
[silk_overlap]: Silkscreen clearance
    Rule: ограничения настроек платы; warning
    @(114.0000 mm, 62.0000 mm): Rectangle of BZ1 on F.Silkscreen
    @(118.7000 mm, 73.6200 mm): Polygon of Q2 on F.Silkscreen
[silk_overlap]: Silkscreen clearance
    Rule: ограничения настроек платы; warning
    @(114.0000 mm, 62.0000 mm): Rectangle of BZ1 on F.Silkscreen
    @(119.2400 mm, 74.3900 mm): Segment of Q2 on F.Silkscreen
[silk_overlap]: Silkscreen clearance
    Rule: ограничения настроек платы; warning
    @(120.0000 mm, 65.0000 mm): Reference field of BZ1
    @(119.7627 mm, 64.4775 mm): Segment of R36 on F.Silkscreen
[silk_overlap]: Silkscreen clearance
    Rule: ограничения настроек платы; warning
    @(120.7600 mm, 65.5600 mm): Segment of Q1 on F.Silkscreen
    @(119.7627 mm, 65.5225 mm): Segment of R36 on F.Silkscreen
[silk_overlap]: Silkscreen clearance
    Rule: ограничения настроек платы; warning
    @(120.0000 mm, 65.0000 mm): Reference field of BZ1
    @(120.7600 mm, 64.5600 mm): Segment of Q1 on F.Silkscreen
[silk_overlap]: Silkscreen clearance
    Rule: ограничения настроек платы; warning
    @(120.7600 mm, 75.5600 mm): Segment of Q2 on F.Silkscreen
    @(119.7627 mm, 75.4775 mm): Segment of R38 on F.Silkscreen
[silk_overlap]: Silkscreen clearance
    Rule: ограничения настроек платы; warning
    @(119.7627 mm, 72.4775 mm): Segment of R37 on F.Silkscreen
    @(119.2400 mm, 72.4400 mm): Segment of Q2 on F.Silkscreen
[silk_overlap]: Silkscreen clearance
    Rule: ограничения настроек платы; warning
    @(52.9400 mm, 12.1900 mm): Rectangle of J8 on F.Silkscreen
    @(70.0000 mm, 12.0000 mm): PCB text 'DESIGN IN PROGRESS - DO NOT ORDER' on F.Silkscreen
[silk_overlap]: Silkscreen clearance
    Rule: ограничения настроек платы; warning
    @(70.0000 mm, 12.0000 mm): PCB text 'DESIGN IN PROGRESS - DO NOT ORDER' on F.Silkscreen
    @(58.0000 mm, 11.1000 mm): Reference field of J8
[silk_overlap]: Silkscreen clearance
    Rule: ограничения настроек платы; warning
    @(54.7000 mm, 11.9900 mm): Segment of J8 on F.Silkscreen
    @(70.0000 mm, 12.0000 mm): PCB text 'DESIGN IN PROGRESS - DO NOT ORDER' on F.Silkscreen
[silk_overlap]: Silkscreen clearance
    Rule: ограничения настроек платы; warning
    @(54.7000 mm, 12.0900 mm): Segment of J8 on F.Silkscreen
    @(70.0000 mm, 12.0000 mm): PCB text 'DESIGN IN PROGRESS - DO NOT ORDER' on F.Silkscreen
[silk_overlap]: Silkscreen clearance
    Rule: ограничения настроек платы; warning
    @(54.7000 mm, 12.1900 mm): Segment of J8 on F.Silkscreen
    @(70.0000 mm, 12.0000 mm): PCB text 'DESIGN IN PROGRESS - DO NOT ORDER' on F.Silkscreen
[silk_overlap]: Silkscreen clearance
    Rule: ограничения настроек платы; warning
    @(70.0000 mm, 12.0000 mm): PCB text 'DESIGN IN PROGRESS - DO NOT ORDER' on F.Silkscreen
    @(55.5000 mm, 12.1900 mm): Segment of J8 on F.Silkscreen
[silk_overlap]: Silkscreen clearance
    Rule: ограничения настроек платы; warning
    @(52.9400 mm, 12.1900 mm): Rectangle of J8 on F.Silkscreen
    @(56.4000 mm, 16.8000 mm): Segment of L1 on F.Silkscreen
[silk_overlap]: Silkscreen clearance
    Rule: ограничения настроек платы; warning
    @(52.9400 mm, 12.1900 mm): Rectangle of J8 on F.Silkscreen
    @(56.4000 mm, 16.8000 mm): Segment of L1 on F.Silkscreen
[silk_overlap]: Silkscreen clearance
    Rule: ограничения настроек платы; warning
    @(68.5500 mm, 16.3000 mm): Segment of J9 on F.Silkscreen
    @(76.5000 mm, 10.2500 mm): Rectangle of J6 on F.Silkscreen
[silk_overlap]: Silkscreen clearance
    Rule: ограничения настроек платы; warning
    @(67.9400 mm, 12.1900 mm): Rectangle of J9 on F.Silkscreen
    @(70.0000 mm, 12.0000 mm): PCB text 'DESIGN IN PROGRESS - DO NOT ORDER' on F.Silkscreen
[silk_overlap]: Silkscreen clearance
    Rule: ограничения настроек платы; warning
    @(70.5000 mm, 12.1900 mm): Segment of J9 on F.Silkscreen
    @(70.0000 mm, 12.0000 mm): PCB text 'DESIGN IN PROGRESS - DO NOT ORDER' on F.Silkscreen
[silk_overlap]: Silkscreen clearance
    Rule: ограничения настроек платы; warning
    @(75.5000 mm, 12.8000 mm): Segment of J9 on F.Silkscreen
    @(70.0000 mm, 12.0000 mm): PCB text 'DESIGN IN PROGRESS - DO NOT ORDER' on F.Silkscreen
[silk_overlap]: Silkscreen clearance
    Rule: ограничения настроек платы; warning
    @(77.4500 mm, 12.8000 mm): Segment of J9 on F.Silkscreen
    @(76.5000 mm, 10.2500 mm): Rectangle of J6 on F.Silkscreen
[silk_overlap]: Silkscreen clearance
    Rule: ограничения настроек платы; warning
    @(67.9400 mm, 12.1900 mm): Rectangle of J9 on F.Silkscreen
    @(76.5000 mm, 10.2500 mm): Rectangle of J6 on F.Silkscreen
[silk_overlap]: Silkscreen clearance
    Rule: ограничения настроек платы; warning
    @(71.2000 mm, 31.0000 mm): Circle of TP12 on F.Silkscreen
    @(68.0000 mm, 31.0000 mm): Circle of TP11 on F.Silkscreen
[silk_overlap]: Silkscreen clearance
    Rule: ограничения настроек платы; warning
    @(68.0000 mm, 36.0000 mm): Circle of TP23 on F.Silkscreen
    @(64.8000 mm, 36.0000 mm): Circle of TP22 on F.Silkscreen
[silk_overlap]: Silkscreen clearance
    Rule: ограничения настроек платы; warning
    @(68.0000 mm, 36.0000 mm): Circle of TP23 on F.Silkscreen
    @(71.2000 mm, 36.0000 mm): Circle of TP24 on F.Silkscreen
[silk_overlap]: Silkscreen clearance
    Rule: ограничения настроек платы; warning
    @(61.6000 mm, 36.0000 mm): Circle of TP21 on F.Silkscreen
    @(64.8000 mm, 36.0000 mm): Circle of TP22 on F.Silkscreen
[silk_overlap]: Silkscreen clearance
    Rule: ограничения настроек платы; warning
    @(109.0000 mm, 11.3000 mm): Rectangle of J2 on F.Silkscreen
    @(102.0000 mm, 38.5000 mm): Rectangle of J5 on F.Silkscreen
[silk_overlap]: Silkscreen clearance
    Rule: ограничения настроек платы; warning
    @(109.0000 mm, 11.3000 mm): Rectangle of J2 on F.Silkscreen
    @(76.5000 mm, 10.2500 mm): Rectangle of J6 on F.Silkscreen
[silk_overlap]: Silkscreen clearance
    Rule: ограничения настроек платы; warning
    @(125.0000 mm, 10.8500 mm): Reference field of H2
    @(109.0000 mm, 11.3000 mm): Rectangle of J2 on F.Silkscreen
[silk_overlap]: Silkscreen clearance
    Rule: ограничения настроек платы; warning
    @(68.8900 mm, 11.8900 mm): Segment of J9 on F.Silkscreen
    @(70.0000 mm, 12.0000 mm): PCB text 'DESIGN IN PROGRESS - DO NOT ORDER' on F.Silkscreen
[silk_overlap]: Silkscreen clearance
    Rule: ограничения настроек платы; warning
    @(67.6400 mm, 11.8900 mm): Segment of J9 on F.Silkscreen
    @(70.0000 mm, 12.0000 mm): PCB text 'DESIGN IN PROGRESS - DO NOT ORDER' on F.Silkscreen
[silk_overlap]: Silkscreen clearance
    Rule: ограничения настроек платы; warning
    @(69.7000 mm, 12.1900 mm): Segment of J9 on F.Silkscreen
    @(70.0000 mm, 12.0000 mm): PCB text 'DESIGN IN PROGRESS - DO NOT ORDER' on F.Silkscreen
[silk_overlap]: Silkscreen clearance
    Rule: ограничения настроек платы; warning
    @(69.7000 mm, 11.9900 mm): Segment of J9 on F.Silkscreen
    @(70.0000 mm, 12.0000 mm): PCB text 'DESIGN IN PROGRESS - DO NOT ORDER' on F.Silkscreen
[silk_overlap]: Silkscreen clearance
    Rule: ограничения настроек платы; warning
    @(70.0000 mm, 12.0000 mm): PCB text 'DESIGN IN PROGRESS - DO NOT ORDER' on F.Silkscreen
    @(69.7000 mm, 12.0900 mm): Segment of J9 on F.Silkscreen
[silk_overlap]: Silkscreen clearance
    Rule: ограничения настроек платы; warning
    @(70.0000 mm, 12.0000 mm): PCB text 'DESIGN IN PROGRESS - DO NOT ORDER' on F.Silkscreen
    @(69.4000 mm, 11.9900 mm): Segment of J9 on F.Silkscreen
[silk_overlap]: Silkscreen clearance
    Rule: ограничения настроек платы; warning
    @(64.8000 mm, 31.0000 mm): Circle of TP10 on F.Silkscreen
    @(68.0000 mm, 31.0000 mm): Circle of TP11 on F.Silkscreen
[silk_overlap]: Silkscreen clearance
    Rule: ограничения настроек платы; warning
    @(64.8000 mm, 31.0000 mm): Circle of TP10 on F.Silkscreen
    @(61.6000 mm, 31.0000 mm): Circle of TP9 on F.Silkscreen
[silk_overlap]: Silkscreen clearance
    Rule: ограничения настроек платы; warning
    @(55.2000 mm, 36.0000 mm): Circle of TP19 on F.Silkscreen
    @(58.4000 mm, 36.0000 mm): Circle of TP20 on F.Silkscreen
[silk_overlap]: Silkscreen clearance
    Rule: ограничения настроек платы; warning
    @(55.2000 mm, 36.0000 mm): Circle of TP19 on F.Silkscreen
    @(52.0000 mm, 36.0000 mm): Circle of TP18 on F.Silkscreen
[silk_overlap]: Silkscreen clearance
    Rule: ограничения настроек платы; warning
    @(12.5000 mm, 38.0000 mm): Rectangle of J3 on F.Silkscreen
    @(3.5750 mm, 55.3000 mm): Rectangle of J7 on F.Silkscreen
[silk_overlap]: Silkscreen clearance
    Rule: ограничения настроек платы; warning
    @(12.0000 mm, 58.0000 mm): PCB text 'SUB-G' on F.Silkscreen
    @(12.5000 mm, 38.0000 mm): Rectangle of J3 on F.Silkscreen
[silk_overlap]: Silkscreen clearance
    Rule: ограничения настроек платы; warning
    @(61.6000 mm, 36.0000 mm): Circle of TP21 on F.Silkscreen
    @(58.4000 mm, 36.0000 mm): Circle of TP20 on F.Silkscreen
[silk_overlap]: Silkscreen clearance
    Rule: ограничения настроек платы; warning
    @(53.8900 mm, 11.8900 mm): Segment of J8 on F.Silkscreen
    @(70.0000 mm, 12.0000 mm): PCB text 'DESIGN IN PROGRESS - DO NOT ORDER' on F.Silkscreen
[silk_overlap]: Silkscreen clearance
    Rule: ограничения настроек платы; warning
    @(53.0000 mm, 24.0000 mm): Reference field of L1
    @(53.0000 mm, 24.7500 mm): Reference field of D6
[silk_overlap]: Silkscreen clearance
    Rule: ограничения настроек платы; warning
    @(49.8400 mm, 28.3600 mm): Segment of D6 on F.Silkscreen
    @(55.2000 mm, 28.5020 mm): Reference field of TP7
[silk_overlap]: Silkscreen clearance
    Rule: ограничения настроек платы; warning
    @(49.8400 mm, 28.3600 mm): Segment of D6 on F.Silkscreen
    @(52.0000 mm, 28.5020 mm): Reference field of TP6
[silk_overlap]: Silkscreen clearance
    Rule: ограничения настроек платы; warning
    @(48.8000 mm, 28.5020 mm): Reference field of TP5
    @(43.8400 mm, 28.3600 mm): Segment of D5 on F.Silkscreen
[silk_overlap]: Silkscreen clearance
    Rule: ограничения настроек платы; warning
    @(52.0000 mm, 36.0000 mm): Circle of TP18 on F.Silkscreen
    @(48.8000 mm, 36.0000 mm): Circle of TP17 on F.Silkscreen
[silk_overlap]: Silkscreen clearance
    Rule: ограничения настроек платы; warning
    @(45.6000 mm, 36.0000 mm): Circle of TP16 on F.Silkscreen
    @(48.8000 mm, 36.0000 mm): Circle of TP17 on F.Silkscreen
[silk_overlap]: Silkscreen clearance
    Rule: ограничения настроек платы; warning
    @(45.6000 mm, 31.0000 mm): Circle of TP4 on F.Silkscreen
    @(42.4000 mm, 31.0000 mm): Circle of TP3 on F.Silkscreen
[silk_overlap]: Silkscreen clearance
    Rule: ограничения настроек платы; warning
    @(39.2000 mm, 31.0000 mm): Circle of TP2 on F.Silkscreen
    @(42.4000 mm, 31.0000 mm): Circle of TP3 on F.Silkscreen
[silk_overlap]: Silkscreen clearance
    Rule: ограничения настроек платы; warning
    @(45.6000 mm, 36.0000 mm): Circle of TP16 on F.Silkscreen
    @(42.4000 mm, 36.0000 mm): Circle of TP15 on F.Silkscreen
[silk_overlap]: Silkscreen clearance
    Rule: ограничения настроек платы; warning
    @(42.4000 mm, 36.0000 mm): Circle of TP15 on F.Silkscreen
    @(39.2000 mm, 36.0000 mm): Circle of TP14 on F.Silkscreen
[silk_overlap]: Silkscreen clearance
    Rule: ограничения настроек платы; warning
    @(45.6000 mm, 28.5020 mm): Reference field of TP4
    @(43.8400 mm, 28.3600 mm): Segment of D5 on F.Silkscreen
[silk_overlap]: Silkscreen clearance
    Rule: ограничения настроек платы; warning
    @(45.6000 mm, 31.0000 mm): Circle of TP4 on F.Silkscreen
    @(48.8000 mm, 31.0000 mm): Circle of TP5 on F.Silkscreen
[silk_overlap]: Silkscreen clearance
    Rule: ограничения настроек платы; warning
    @(52.0000 mm, 31.0000 mm): Circle of TP6 on F.Silkscreen
    @(48.8000 mm, 31.0000 mm): Circle of TP5 on F.Silkscreen
[silk_overlap]: Silkscreen clearance
    Rule: ограничения настроек платы; warning
    @(32.7627 mm, 80.5225 mm): Segment of R33 on F.Silkscreen
    @(3.5750 mm, 55.3000 mm): Rectangle of J7 on F.Silkscreen
[silk_overlap]: Silkscreen clearance
    Rule: ограничения настроек платы; warning
    @(15.0000 mm, 80.8500 mm): Reference field of H4
    @(3.5750 mm, 55.3000 mm): Rectangle of J7 on F.Silkscreen
[silk_overlap]: Silkscreen clearance
    Rule: ограничения настроек платы; warning
    @(39.2000 mm, 31.0000 mm): Circle of TP2 on F.Silkscreen
    @(36.0000 mm, 31.0000 mm): Circle of TP1 on F.Silkscreen
[silk_overlap]: Silkscreen clearance
    Rule: ограничения настроек платы; warning
    @(39.2000 mm, 36.0000 mm): Circle of TP14 on F.Silkscreen
    @(36.0000 mm, 36.0000 mm): Circle of TP13 on F.Silkscreen
[silk_overlap]: Silkscreen clearance
    Rule: ограничения настроек платы; warning
    @(34.8594 mm, 34.5100 mm): Segment of C8 on F.Silkscreen
    @(36.0000 mm, 36.0000 mm): Circle of TP13 on F.Silkscreen
[silk_overlap]: Silkscreen clearance
    Rule: ограничения настроек платы; warning
    @(29.7600 mm, 24.5600 mm): Segment of D4 on F.Silkscreen
    @(29.7600 mm, 23.5600 mm): Segment of D3 on F.Silkscreen
[silk_overlap]: Silkscreen clearance
    Rule: ограничения настроек платы; warning
    @(29.7600 mm, 24.5600 mm): Segment of D4 on F.Silkscreen
    @(29.7600 mm, 24.5600 mm): Segment of D3 on F.Silkscreen
[silk_overlap]: Silkscreen clearance
    Rule: ограничения настроек платы; warning
    @(29.7600 mm, 21.4400 mm): Segment of D3 on F.Silkscreen
    @(28.2400 mm, 22.4400 mm): Segment of D4 on F.Silkscreen
[silk_overlap]: Silkscreen clearance
    Rule: ограничения настроек платы; warning
    @(29.7600 mm, 22.4400 mm): Segment of D4 on F.Silkscreen
    @(29.7600 mm, 21.4400 mm): Segment of D3 on F.Silkscreen
[silk_overlap]: Silkscreen clearance
    Rule: ограничения настроек платы; warning
    @(36.0000 mm, 28.5020 mm): Reference field of TP1
    @(36.7627 mm, 28.5225 mm): Segment of R10 on F.Silkscreen
[silk_overlap]: Silkscreen clearance
    Rule: ограничения настроек платы; warning
    @(34.8594 mm, 33.4900 mm): Segment of C8 on F.Silkscreen
    @(36.0000 mm, 33.5020 mm): Reference field of TP13
[silk_overlap]: Silkscreen clearance
    Rule: ограничения настроек платы; warning
    @(52.0000 mm, 31.0000 mm): Circle of TP6 on F.Silkscreen
    @(55.2000 mm, 31.0000 mm): Circle of TP7 on F.Silkscreen
[silk_overlap]: Silkscreen clearance
    Rule: ограничения настроек платы; warning
    @(55.2000 mm, 31.0000 mm): Circle of TP7 on F.Silkscreen
    @(58.4000 mm, 31.0000 mm): Circle of TP8 on F.Silkscreen
[silk_overlap]: Silkscreen clearance
    Rule: ограничения настроек платы; warning
    @(61.6000 mm, 31.0000 mm): Circle of TP9 on F.Silkscreen
    @(58.4000 mm, 31.0000 mm): Circle of TP8 on F.Silkscreen
[silk_over_copper]: Silkscreen clipped by solder mask
    Local override; warning
    @(120.0000 mm, 61.6000 mm): Reference field of Q1
    @(119.1750 mm, 62.0000 mm): Pad 1 [BUZZER_GATE_DRV] of R35 on F.Cu
[silk_over_copper]: Silkscreen clipped by solder mask
    Local override; warning
    @(120.0000 mm, 61.6000 mm): Reference field of Q1
    @(120.8250 mm, 62.0000 mm): Pad 2 [BUZZER_GATE] of R35 on F.Cu
[silk_over_copper]: Silkscreen clipped by solder mask
    Local override; warning
    @(119.2400 mm, 62.4400 mm): Segment of Q1 on F.Silkscreen
    @(119.1750 mm, 62.0000 mm): Pad 1 [BUZZER_GATE_DRV] of R35 on F.Cu
[silk_over_copper]: Silkscreen clipped by solder mask
    Local override; warning
    @(119.2400 mm, 62.4400 mm): Segment of Q1 on F.Silkscreen
    @(120.8250 mm, 62.0000 mm): Pad 2 [BUZZER_GATE] of R35 on F.Cu
[silk_over_copper]: Silkscreen clipped by solder mask
    Local override; warning
    @(119.2400 mm, 62.4900 mm): Segment of Q1 on F.Silkscreen
    @(119.1750 mm, 62.0000 mm): Pad 1 [BUZZER_GATE_DRV] of R35 on F.Cu
[silk_over_copper]: Silkscreen clipped by solder mask
    Local override; warning
    @(120.7600 mm, 62.4400 mm): Segment of Q1 on F.Silkscreen
    @(120.8250 mm, 62.0000 mm): Pad 2 [BUZZER_GATE] of R35 on F.Cu
[silk_over_copper]: Silkscreen clipped by solder mask
    Local override; warning
    @(114.0000 mm, 62.0000 mm): Rectangle of BZ1 on F.Silkscreen
    @(119.1750 mm, 62.0000 mm): Pad 1 [BUZZER_GATE_DRV] of R35 on F.Cu
[silk_over_copper]: Silkscreen clipped by solder mask
    Local override; warning
    @(114.0000 mm, 62.0000 mm): Rectangle of BZ1 on F.Silkscreen
    @(120.8250 mm, 62.0000 mm): Pad 2 [BUZZER_GATE] of R35 on F.Cu
[silk_over_copper]: Silkscreen clipped by solder mask
    Local override; warning
    @(121.8100 mm, 75.9400 mm): Rectangle of J11 on F.Silkscreen
    @(119.1750 mm, 76.0000 mm): Pad 1 [GND] of R38 on F.Cu
[silk_over_copper]: Silkscreen clipped by solder mask
    Local override; warning
    @(121.8100 mm, 75.9400 mm): Rectangle of J11 on F.Silkscreen
    @(120.8250 mm, 76.0000 mm): Pad 2 [VIBRATION_GATE_DRV] of R38 on F.Cu
[silk_over_copper]: Silkscreen clipped by solder mask
    Local override; warning
    @(85.5000 mm, 61.5000 mm): Rectangle of J4 on F.Silkscreen
    @(92.5250 mm, 62.0000 mm): Pad 1 [3V3_CC] of C16 on F.Cu
[silk_over_copper]: Silkscreen clipped by solder mask
    Local override; warning
    @(85.5000 mm, 61.5000 mm): Rectangle of J4 on F.Silkscreen
    @(95.4750 mm, 62.0000 mm): Pad 2 [GND] of C16 on F.Cu
[silk_over_copper]: Silkscreen clipped by solder mask
    Local override; warning
    @(85.5000 mm, 61.5000 mm): Rectangle of J4 on F.Silkscreen
    @(115.5000 mm, 68.0000 mm): Pad 1 [3V3_MAIN] of BZ1 on F.Cu
[silk_over_copper]: Silkscreen clipped by solder mask
    Local override; warning
    @(85.5000 mm, 61.5000 mm): Rectangle of J4 on F.Silkscreen
    @(93.1750 mm, 86.0000 mm): Pad 1 [3V3_LORA] of R25 on F.Cu
[silk_over_copper]: Silkscreen clipped by solder mask
    Local override; warning
    @(85.5000 mm, 61.5000 mm): Rectangle of J4 on F.Silkscreen
    @(94.8250 mm, 86.0000 mm): Pad 2 [LORA_CSN] of R25 on F.Cu
[silk_over_copper]: Silkscreen clipped by solder mask
    Local override; warning
    @(119.2400 mm, 65.5600 mm): Segment of Q1 on F.Silkscreen
    @(119.1750 mm, 65.0000 mm): Pad 1 [GND] of R36 on F.Cu
[silk_over_copper]: Silkscreen clipped by solder mask
    Local override; warning
    @(120.0000 mm, 65.0000 mm): Reference field of BZ1
    @(119.1750 mm, 65.0000 mm): Pad 1 [GND] of R36 on F.Cu
[silk_over_copper]: Silkscreen clipped by solder mask
    Local override; warning
    @(120.0000 mm, 65.0000 mm): Reference field of BZ1
    @(119.0625 mm, 64.9500 mm): Pad 2 [GND] of Q1 on F.Cu
[silk_over_copper]: Silkscreen clipped by solder mask
    Local override; warning
    @(114.0000 mm, 62.0000 mm): Rectangle of BZ1 on F.Silkscreen
    @(120.9375 mm, 74.0000 mm): Pad 3 [VIBRATION_DRAIN] of Q2 on F.Cu
[silk_over_copper]: Silkscreen clipped by solder mask
    Local override; warning
    @(120.7600 mm, 64.5600 mm): Segment of Q1 on F.Silkscreen
    @(120.8250 mm, 65.0000 mm): Pad 2 [BUZZER_GATE_DRV] of R36 on F.Cu
[silk_over_copper]: Silkscreen clipped by solder mask
    Local override; warning
    @(120.0000 mm, 65.0000 mm): Reference field of BZ1
    @(120.8250 mm, 65.0000 mm): Pad 2 [BUZZER_GATE_DRV] of R36 on F.Cu
[silk_over_copper]: Silkscreen clipped by solder mask
    Local override; warning
    @(119.2000 mm, 75.9400 mm): Segment of J11 on F.Silkscreen
    @(119.1750 mm, 76.0000 mm): Pad 1 [GND] of R38 on F.Cu
[silk_over_copper]: Silkscreen clipped by solder mask
    Local override; warning
    @(120.5000 mm, 75.9400 mm): Segment of J11 on F.Silkscreen
    @(120.8250 mm, 76.0000 mm): Pad 2 [VIBRATION_GATE_DRV] of R38 on F.Cu
[silk_over_copper]: Silkscreen clipped by solder mask
    Local override; warning
    @(122.1100 mm, 75.6400 mm): Segment of J11 on F.Silkscreen
    @(120.8250 mm, 76.0000 mm): Pad 2 [VIBRATION_GATE_DRV] of R38 on F.Cu
[silk_over_copper]: Silkscreen clipped by solder mask
    Local override; warning
    @(119.2400 mm, 75.5600 mm): Segment of Q2 on F.Silkscreen
    @(119.1750 mm, 76.0000 mm): Pad 1 [GND] of R38 on F.Cu
[silk_over_copper]: Silkscreen clipped by solder mask
    Local override; warning
    @(120.7600 mm, 75.5600 mm): Segment of Q2 on F.Silkscreen
    @(119.1750 mm, 76.0000 mm): Pad 1 [GND] of R38 on F.Cu
[silk_over_copper]: Silkscreen clipped by solder mask
    Local override; warning
    @(120.7600 mm, 75.5600 mm): Segment of Q2 on F.Silkscreen
    @(120.8250 mm, 76.0000 mm): Pad 2 [VIBRATION_GATE_DRV] of R38 on F.Cu
[silk_over_copper]: Silkscreen clipped by solder mask
    Local override; warning
    @(119.2400 mm, 72.4900 mm): Segment of Q2 on F.Silkscreen
    @(119.1750 mm, 73.0000 mm): Pad 1 [VIBRATION_GATE_DRV] of R37 on F.Cu
[silk_over_copper]: Silkscreen clipped by solder mask
    Local override; warning
    @(120.7600 mm, 72.4400 mm): Segment of Q2 on F.Silkscreen
    @(120.8250 mm, 73.0000 mm): Pad 2 [VIBRATION_GATE] of R37 on F.Cu
[silk_over_copper]: Silkscreen clipped by solder mask
    Local override; warning
    @(120.7600 mm, 74.5600 mm): Segment of Q2 on F.Silkscreen
    @(120.8250 mm, 76.0000 mm): Pad 2 [VIBRATION_GATE_DRV] of R38 on F.Cu
[silk_over_copper]: Silkscreen clipped by solder mask
    Local override; warning
    @(77.4500 mm, 16.3000 mm): Segment of J9 on F.Silkscreen
    @(78.7500 mm, 13.0000 mm): NPTH pad of J6
[silk_over_copper]: Silkscreen clipped by solder mask
    Local override; warning
    @(67.9400 mm, 12.1900 mm): Rectangle of J9 on F.Silkscreen
    @(78.7500 mm, 13.0000 mm): NPTH pad of J6
[silk_over_copper]: Silkscreen clipped by solder mask
    Local override; warning
    @(70.0000 mm, 12.0000 mm): PCB text 'DESIGN IN PROGRESS - DO NOT ORDER' on F.Silkscreen
    @(78.7500 mm, 13.0000 mm): NPTH pad of J6
[silk_over_copper]: Silkscreen clipped by solder mask
    Local override; warning
    @(78.0600 mm, 13.5000 mm): Segment of J9 on F.Silkscreen
    @(78.7500 mm, 13.0000 mm): NPTH pad of J6
[silk_over_copper]: Silkscreen clipped by solder mask
    Local override; warning
    @(71.2000 mm, 31.0000 mm): Circle of TP12 on F.Silkscreen
    @(68.0000 mm, 31.0000 mm): PTH pad 1 [GPS_PPS] of TP11
[silk_over_copper]: Silkscreen clipped by solder mask
    Local override; warning
    @(68.0000 mm, 36.0000 mm): Circle of TP23 on F.Silkscreen
    @(64.8000 mm, 36.0000 mm): PTH pad 1 [SD_CSN] of TP22
[silk_over_copper]: Silkscreen clipped by solder mask
    Local override; warning
    @(68.0000 mm, 36.0000 mm): Circle of TP23 on F.Silkscreen
    @(71.2000 mm, 36.0000 mm): PTH pad 1 [I2C_SCL] of TP24
[silk_over_copper]: Silkscreen clipped by solder mask
    Local override; warning
    @(64.8000 mm, 36.0000 mm): Circle of TP22 on F.Silkscreen
    @(61.6000 mm, 36.0000 mm): PTH pad 1 [LORA_CSN] of TP21
[silk_over_copper]: Silkscreen clipped by solder mask
    Local override; warning
    @(64.8000 mm, 36.0000 mm): Circle of TP22 on F.Silkscreen
    @(68.0000 mm, 36.0000 mm): PTH pad 1 [I2C_SDA] of TP23
[silk_over_copper]: Silkscreen clipped by solder mask
    Local override; warning
    @(71.2000 mm, 36.0000 mm): Circle of TP24 on F.Silkscreen
    @(68.0000 mm, 36.0000 mm): PTH pad 1 [I2C_SDA] of TP23
[silk_over_copper]: Silkscreen clipped by solder mask
    Local override; warning
    @(102.0000 mm, 38.5000 mm): Rectangle of J5 on F.Silkscreen
    @(119.1750 mm, 62.0000 mm): Pad 1 [BUZZER_GATE_DRV] of R35 on F.Cu
[silk_over_copper]: Silkscreen clipped by solder mask
    Local override; warning
    @(102.0000 mm, 38.5000 mm): Rectangle of J5 on F.Silkscreen
    @(120.8250 mm, 62.0000 mm): Pad 2 [BUZZER_GATE] of R35 on F.Cu
[silk_over_copper]: Silkscreen clipped by solder mask
    Local override; warning
    @(76.5000 mm, 10.2500 mm): Rectangle of J6 on F.Silkscreen
    @(76.0000 mm, 14.0000 mm): PTH pad 4 [I2C_SCL] of J9
[silk_over_copper]: Silkscreen clipped by solder mask
    Local override; warning
    @(76.5000 mm, 10.2500 mm): Rectangle of J6 on F.Silkscreen
    @(110.7500 mm, 24.1900 mm): PTH pad 3 [NRF24_CE] of J2
[silk_over_copper]: Silkscreen clipped by solder mask
    Local override; warning
    @(76.5000 mm, 10.2500 mm): Rectangle of J6 on F.Silkscreen
    @(110.7500 mm, 26.7300 mm): PTH pad 4 [NRF24_CSN] of J2
[silk_over_copper]: Silkscreen clipped by solder mask
    Local override; warning
    @(76.5000 mm, 10.2500 mm): Rectangle of J6 on F.Silkscreen
    @(110.7500 mm, 29.2700 mm): PTH pad 5 [RF_SPI_SCK] of J2
[silk_over_copper]: Silkscreen clipped by solder mask
    Local override; warning
    @(76.5000 mm, 10.2500 mm): Rectangle of J6 on F.Silkscreen
    @(110.7500 mm, 31.8100 mm): PTH pad 6 [RF_SPI_MOSI] of J2
[silk_over_copper]: Silkscreen clipped by solder mask
    Local override; warning
    @(76.5000 mm, 10.2500 mm): Rectangle of J6 on F.Silkscreen
    @(110.7500 mm, 34.3500 mm): PTH pad 7 [RF_SPI_MISO] of J2
[silk_over_copper]: Silkscreen clipped by solder mask
    Local override; warning
    @(76.5000 mm, 10.2500 mm): Rectangle of J6 on F.Silkscreen
    @(110.7500 mm, 19.1100 mm): PTH pad 1 [GND] of J2
[silk_over_copper]: Silkscreen clipped by solder mask
    Local override; warning
    @(76.5000 mm, 10.2500 mm): Rectangle of J6 on F.Silkscreen
    @(110.7500 mm, 21.6500 mm): PTH pad 2 [3V3_NRF] of J2
[silk_over_copper]: Silkscreen clipped by solder mask
    Local override; warning
    @(109.0000 mm, 11.3000 mm): Rectangle of J2 on F.Silkscreen
    @(109.2500 mm, 13.0000 mm): NPTH pad of J6
[silk_over_copper]: Silkscreen clipped by solder mask
    Local override; warning
    @(68.0000 mm, 31.0000 mm): Circle of TP11 on F.Silkscreen
    @(64.8000 mm, 31.0000 mm): PTH pad 1 [VBAT_ADC] of TP10
[silk_over_copper]: Silkscreen clipped by solder mask
    Local override; warning
    @(68.0000 mm, 31.0000 mm): Circle of TP11 on F.Silkscreen
    @(71.2000 mm, 31.0000 mm): PTH pad 1 [VBAT_SENSE_IN] of TP12
[silk_over_copper]: Silkscreen clipped by solder mask
    Local override; warning
    @(64.8000 mm, 31.0000 mm): Circle of TP10 on F.Silkscreen
    @(61.6000 mm, 31.0000 mm): PTH pad 1 [RX5808_RSSI] of TP9
[silk_over_copper]: Silkscreen clipped by solder mask
    Local override; warning
    @(64.8000 mm, 31.0000 mm): Circle of TP10 on F.Silkscreen
    @(68.0000 mm, 31.0000 mm): PTH pad 1 [GPS_PPS] of TP11
[silk_over_copper]: Silkscreen clipped by solder mask
    Local override; warning
    @(55.2000 mm, 36.0000 mm): Circle of TP19 on F.Silkscreen
    @(52.0000 mm, 36.0000 mm): PTH pad 1 [RX5808_SELECT] of TP18
[silk_over_copper]: Silkscreen clipped by solder mask
    Local override; warning
    @(55.2000 mm, 36.0000 mm): Circle of TP19 on F.Silkscreen
    @(58.4000 mm, 36.0000 mm): PTH pad 1 [CC1101_CSN] of TP20
[silk_over_copper]: Silkscreen clipped by solder mask
    Local override; warning
    @(12.5000 mm, 38.0000 mm): Rectangle of J3 on F.Silkscreen
    @(26.2500 mm, 41.7400 mm): Pad 9 [3V3_CC] of J3 on F.Cu
[silk_over_copper]: Silkscreen clipped by solder mask
    Local override; warning
    @(12.5000 mm, 38.0000 mm): Rectangle of J3 on F.Silkscreen
    @(26.2500 mm, 40.4700 mm): Pad 10 [<no net>] of J3 on F.Cu
[silk_over_copper]: Silkscreen clipped by solder mask
    Local override; warning
    @(12.5000 mm, 38.0000 mm): Rectangle of J3 on F.Silkscreen
    @(26.2500 mm, 39.2000 mm): Pad 11 [GND] of J3 on F.Cu
[silk_over_copper]: Silkscreen clipped by solder mask
    Local override; warning
    @(12.5000 mm, 38.0000 mm): Rectangle of J3 on F.Silkscreen
    @(26.2500 mm, 57.0000 mm): Pad 1 [GND] of J3 on F.Cu
[silk_over_copper]: Silkscreen clipped by solder mask
    Local override; warning
    @(12.5000 mm, 38.0000 mm): Rectangle of J3 on F.Silkscreen
    @(26.2500 mm, 55.7300 mm): Pad 2 [GND] of J3 on F.Cu
[silk_over_copper]: Silkscreen clipped by solder mask
    Local override; warning
    @(12.5000 mm, 38.0000 mm): Rectangle of J3 on F.Silkscreen
    @(26.2500 mm, 54.4600 mm): Pad 3 [GND] of J3 on F.Cu
[silk_over_copper]: Silkscreen clipped by solder mask
    Local override; warning
    @(12.5000 mm, 38.0000 mm): Rectangle of J3 on F.Silkscreen
    @(26.2500 mm, 48.0900 mm): Pad 4 [GND] of J3 on F.Cu
[silk_over_copper]: Silkscreen clipped by solder mask
    Local override; warning
    @(12.5000 mm, 38.0000 mm): Rectangle of J3 on F.Silkscreen
    @(26.2500 mm, 46.8200 mm): Pad 5 [GND] of J3 on F.Cu
[silk_over_copper]: Silkscreen clipped by solder mask
    Local override; warning
    @(12.5000 mm, 38.0000 mm): Rectangle of J3 on F.Silkscreen
    @(26.2500 mm, 45.5500 mm): Pad 6 [<no net>] of J3 on F.Cu
[silk_over_copper]: Silkscreen clipped by solder mask
    Local override; warning
    @(12.5000 mm, 38.0000 mm): Rectangle of J3 on F.Silkscreen
    @(26.2500 mm, 44.2800 mm): Pad 7 [<no net>] of J3 on F.Cu
[silk_over_copper]: Silkscreen clipped by solder mask
    Local override; warning
    @(12.5000 mm, 38.0000 mm): Rectangle of J3 on F.Silkscreen
    @(26.2500 mm, 43.0100 mm): Pad 8 [<no net>] of J3 on F.Cu
[silk_over_copper]: Silkscreen clipped by solder mask
    Local override; warning
    @(12.5000 mm, 38.0000 mm): Rectangle of J3 on F.Silkscreen
    @(12.7500 mm, 57.0000 mm): Pad 22 [GND] of J3 on F.Cu
[silk_over_copper]: Silkscreen clipped by solder mask
    Local override; warning
    @(12.5000 mm, 38.0000 mm): Rectangle of J3 on F.Silkscreen
    @(12.7500 mm, 54.4600 mm): Pad 20 [GND] of J3 on F.Cu
[silk_over_copper]: Silkscreen clipped by solder mask
    Local override; warning
    @(12.5000 mm, 38.0000 mm): Rectangle of J3 on F.Silkscreen
    @(12.7500 mm, 55.7300 mm): Pad 21 [<no net>] of J3 on F.Cu
[silk_over_copper]: Silkscreen clipped by solder mask
    Local override; warning
    @(12.5000 mm, 38.0000 mm): Rectangle of J3 on F.Silkscreen
    @(12.7500 mm, 39.2000 mm): Pad 12 [GND] of J3 on F.Cu
[silk_over_copper]: Silkscreen clipped by solder mask
    Local override; warning
    @(12.5000 mm, 38.0000 mm): Rectangle of J3 on F.Silkscreen
    @(12.7500 mm, 40.4700 mm): Pad 13 [<no net>] of J3 on F.Cu
[silk_over_copper]: Silkscreen clipped by solder mask
    Local override; warning
    @(12.5000 mm, 38.0000 mm): Rectangle of J3 on F.Silkscreen
    @(12.7500 mm, 41.7400 mm): Pad 14 [CC1101_GDO2_TP] of J3 on F.Cu
[silk_over_copper]: Silkscreen clipped by solder mask
    Local override; warning
    @(12.5000 mm, 38.0000 mm): Rectangle of J3 on F.Silkscreen
    @(12.7500 mm, 43.0100 mm): Pad 15 [CC1101_GDO0_TP] of J3 on F.Cu
[silk_over_copper]: Silkscreen clipped by solder mask
    Local override; warning
    @(12.5000 mm, 38.0000 mm): Rectangle of J3 on F.Silkscreen
    @(12.7500 mm, 44.2800 mm): Pad 16 [RF_SPI_MISO] of J3 on F.Cu
[silk_over_copper]: Silkscreen clipped by solder mask
    Local override; warning
    @(12.5000 mm, 38.0000 mm): Rectangle of J3 on F.Silkscreen
    @(12.7500 mm, 45.5500 mm): Pad 17 [RF_SPI_MOSI] of J3 on F.Cu
[silk_over_copper]: Silkscreen clipped by solder mask
    Local override; warning
    @(12.5000 mm, 38.0000 mm): Rectangle of J3 on F.Silkscreen
    @(12.7500 mm, 46.8200 mm): Pad 18 [RF_SPI_SCK] of J3 on F.Cu
[silk_over_copper]: Silkscreen clipped by solder mask
    Local override; warning
    @(12.5000 mm, 38.0000 mm): Rectangle of J3 on F.Silkscreen
    @(12.7500 mm, 48.0900 mm): Pad 19 [CC1101_CSN] of J3 on F.Cu
[silk_over_copper]: Silkscreen clipped by solder mask
    Local override; warning
    @(58.4000 mm, 36.0000 mm): Circle of TP20 on F.Silkscreen
    @(61.6000 mm, 36.0000 mm): PTH pad 1 [LORA_CSN] of TP21
[silk_over_copper]: Silkscreen clipped by solder mask
    Local override; warning
    @(58.4000 mm, 36.0000 mm): Circle of TP20 on F.Silkscreen
    @(55.2000 mm, 36.0000 mm): PTH pad 1 [NRF24_CSN] of TP19
[silk_over_copper]: Silkscreen clipped by solder mask
    Local override; warning
    @(61.6000 mm, 36.0000 mm): Circle of TP21 on F.Silkscreen
    @(64.8000 mm, 36.0000 mm): PTH pad 1 [SD_CSN] of TP22
[silk_over_copper]: Silkscreen clipped by solder mask
    Local override; warning
    @(61.6000 mm, 36.0000 mm): Circle of TP21 on F.Silkscreen
    @(58.4000 mm, 36.0000 mm): PTH pad 1 [CC1101_CSN] of TP20
[silk_over_copper]: Silkscreen clipped by solder mask
    Local override; warning
    @(55.2000 mm, 28.5020 mm): Reference field of TP7
    @(55.2000 mm, 27.0000 mm): Pad 2 [VIBRATION_DRAIN] of D6 on F.Cu
[silk_over_copper]: Silkscreen clipped by solder mask
    Local override; warning
    @(49.8400 mm, 25.6400 mm): Segment of D6 on F.Silkscreen
    @(49.2000 mm, 27.0000 mm): Pad 2 [BUZZER_DRAIN] of D5 on F.Cu
[silk_over_copper]: Silkscreen clipped by solder mask
    Local override; warning
    @(48.8000 mm, 28.5020 mm): Reference field of TP5
    @(49.2000 mm, 27.0000 mm): Pad 2 [BUZZER_DRAIN] of D5 on F.Cu
[silk_over_copper]: Silkscreen clipped by solder mask
    Local override; warning
    @(52.0000 mm, 36.0000 mm): Circle of TP18 on F.Silkscreen
    @(48.8000 mm, 36.0000 mm): PTH pad 1 [LORA_DIO1] of TP17
[silk_over_copper]: Silkscreen clipped by solder mask
    Local override; warning
    @(52.0000 mm, 36.0000 mm): Circle of TP18 on F.Silkscreen
    @(55.2000 mm, 36.0000 mm): PTH pad 1 [NRF24_CSN] of TP19
[silk_over_copper]: Silkscreen clipped by solder mask
    Local override; warning
    @(48.8000 mm, 36.0000 mm): Circle of TP17 on F.Silkscreen
    @(45.6000 mm, 36.0000 mm): PTH pad 1 [LORA_DIO0] of TP16
[silk_over_copper]: Silkscreen clipped by solder mask
    Local override; warning
    @(48.8000 mm, 36.0000 mm): Circle of TP17 on F.Silkscreen
    @(52.0000 mm, 36.0000 mm): PTH pad 1 [RX5808_SELECT] of TP18
[silk_over_copper]: Silkscreen clipped by solder mask
    Local override; warning
    @(42.4000 mm, 31.0000 mm): Circle of TP3 on F.Silkscreen
    @(45.6000 mm, 31.0000 mm): PTH pad 1 [GND] of TP4
[silk_over_copper]: Silkscreen clipped by solder mask
    Local override; warning
    @(42.4000 mm, 31.0000 mm): Circle of TP3 on F.Silkscreen
    @(39.2000 mm, 31.0000 mm): PTH pad 1 [POWER_GOOD] of TP2
[silk_over_copper]: Silkscreen clipped by solder mask
    Local override; warning
    @(45.6000 mm, 36.0000 mm): Circle of TP16 on F.Silkscreen
    @(48.8000 mm, 36.0000 mm): PTH pad 1 [LORA_DIO1] of TP17
[silk_over_copper]: Silkscreen clipped by solder mask
    Local override; warning
    @(45.6000 mm, 36.0000 mm): Circle of TP16 on F.Silkscreen
    @(42.4000 mm, 36.0000 mm): PTH pad 1 [CC1101_GDO0_TP] of TP15
[silk_over_copper]: Silkscreen clipped by solder mask
    Local override; warning
    @(42.4000 mm, 36.0000 mm): Circle of TP15 on F.Silkscreen
    @(39.2000 mm, 36.0000 mm): PTH pad 1 [CC1101_GDO2_TP] of TP14
[silk_over_copper]: Silkscreen clipped by solder mask
    Local override; warning
    @(42.4000 mm, 36.0000 mm): Circle of TP15 on F.Silkscreen
    @(45.6000 mm, 36.0000 mm): PTH pad 1 [LORA_DIO0] of TP16
[silk_over_copper]: Silkscreen clipped by solder mask
    Local override; warning
    @(45.6000 mm, 28.5020 mm): Reference field of TP4
    @(44.8000 mm, 27.0000 mm): Pad 1 [3V3_MAIN] of D5 on F.Cu
[silk_over_copper]: Silkscreen clipped by solder mask
    Local override; warning
    @(48.8000 mm, 31.0000 mm): Circle of TP5 on F.Silkscreen
    @(45.6000 mm, 31.0000 mm): PTH pad 1 [GND] of TP4
[silk_over_copper]: Silkscreen clipped by solder mask
    Local override; warning
    @(48.8000 mm, 31.0000 mm): Circle of TP5 on F.Silkscreen
    @(52.0000 mm, 31.0000 mm): PTH pad 1 [RF_SPI_SCK] of TP6
[silk_over_copper]: Silkscreen clipped by solder mask
    Local override; warning
    @(45.6000 mm, 31.0000 mm): Circle of TP4 on F.Silkscreen
    @(42.4000 mm, 31.0000 mm): PTH pad 1 [3V3_MAIN] of TP3
[silk_over_copper]: Silkscreen clipped by solder mask
    Local override; warning
    @(45.6000 mm, 31.0000 mm): Circle of TP4 on F.Silkscreen
    @(48.8000 mm, 31.0000 mm): PTH pad 1 [ESP_EN] of TP5
[silk_over_copper]: Silkscreen clipped by solder mask
    Local override; warning
    @(12.0000 mm, 58.0000 mm): PCB text 'SUB-G' on F.Silkscreen
    @(12.7500 mm, 57.0000 mm): Pad 22 [GND] of J3 on F.Cu
[silk_over_copper]: Silkscreen clipped by solder mask
    Local override; warning
    @(3.5750 mm, 55.3000 mm): Rectangle of J7 on F.Silkscreen
    @(26.2500 mm, 55.7300 mm): Pad 2 [GND] of J3 on F.Cu
[silk_over_copper]: Silkscreen clipped by solder mask
    Local override; warning
    @(3.5750 mm, 55.3000 mm): Rectangle of J7 on F.Silkscreen
    @(12.7500 mm, 55.7300 mm): Pad 21 [<no net>] of J3 on F.Cu
[silk_over_copper]: Silkscreen clipped by solder mask
    Local override; warning
    @(39.2000 mm, 31.0000 mm): Circle of TP2 on F.Silkscreen
    @(42.4000 mm, 31.0000 mm): PTH pad 1 [3V3_MAIN] of TP3
[silk_over_copper]: Silkscreen clipped by solder mask
    Local override; warning
    @(39.2000 mm, 31.0000 mm): Circle of TP2 on F.Silkscreen
    @(36.0000 mm, 31.0000 mm): PTH pad 1 [VBUS_PROTECTED] of TP1
[silk_over_copper]: Silkscreen clipped by solder mask
    Local override; warning
    @(39.2000 mm, 36.0000 mm): Circle of TP14 on F.Silkscreen
    @(36.0000 mm, 36.0000 mm): PTH pad 1 [NRF24_IRQ_TP] of TP13
[silk_over_copper]: Silkscreen clipped by solder mask
    Local override; warning
    @(39.2000 mm, 36.0000 mm): Circle of TP14 on F.Silkscreen
    @(42.4000 mm, 36.0000 mm): PTH pad 1 [CC1101_GDO0_TP] of TP15
[silk_over_copper]: Silkscreen clipped by solder mask
    Local override; warning
    @(36.0000 mm, 36.0000 mm): Circle of TP13 on F.Silkscreen
    @(39.2000 mm, 36.0000 mm): PTH pad 1 [CC1101_GDO2_TP] of TP14
[silk_over_copper]: Silkscreen clipped by solder mask
    Local override; warning
    @(36.0000 mm, 36.0000 mm): Circle of TP13 on F.Silkscreen
    @(35.7750 mm, 34.0000 mm): Pad 2 [GND] of C8 on F.Cu
[silk_over_copper]: Silkscreen clipped by solder mask
    Local override; warning
    @(36.0000 mm, 31.0000 mm): Circle of TP1 on F.Silkscreen
    @(39.2000 mm, 31.0000 mm): PTH pad 1 [POWER_GOOD] of TP2
[silk_over_copper]: Silkscreen clipped by solder mask
    Local override; warning
    @(28.2400 mm, 24.3900 mm): Segment of D4 on F.Silkscreen
    @(28.0625 mm, 23.9500 mm): Pad 2 [3V3_MAIN] of D3 on F.Cu
[silk_over_copper]: Silkscreen clipped by solder mask
    Local override; warning
    @(29.7600 mm, 23.5600 mm): Segment of D3 on F.Silkscreen
    @(29.9375 mm, 24.0000 mm): Pad 3 [VBAT_ADC] of D4 on F.Cu
[silk_over_copper]: Silkscreen clipped by solder mask
    Local override; warning
    @(27.7000 mm, 23.6200 mm): Polygon of D4 on F.Silkscreen
    @(28.0625 mm, 23.9500 mm): Pad 2 [3V3_MAIN] of D3 on F.Cu
[silk_over_copper]: Silkscreen clipped by solder mask
    Local override; warning
    @(28.2400 mm, 23.3900 mm): Segment of D3 on F.Silkscreen
    @(28.0625 mm, 23.0500 mm): Pad 1 [GND] of D4 on F.Cu
[silk_over_copper]: Silkscreen clipped by solder mask
    Local override; warning
    @(27.7000 mm, 22.6200 mm): Polygon of D3 on F.Silkscreen
    @(28.0625 mm, 23.0500 mm): Pad 1 [GND] of D4 on F.Cu
[silk_over_copper]: Silkscreen clipped by solder mask
    Local override; warning
    @(29.7600 mm, 22.4400 mm): Segment of D4 on F.Silkscreen
    @(29.9375 mm, 23.0000 mm): Pad 3 [RX5808_RSSI] of D3 on F.Cu
[silk_over_copper]: Silkscreen clipped by solder mask
    Local override; warning
    @(39.2000 mm, 28.5020 mm): Reference field of TP2
    @(37.8250 mm, 28.0000 mm): Pad 2 [POWER_GOOD] of R10 on F.Cu
[silk_over_copper]: Silkscreen clipped by solder mask
    Local override; warning
    @(36.0000 mm, 28.5020 mm): Reference field of TP1
    @(36.1750 mm, 28.0000 mm): Pad 1 [3V3_MAIN] of R10 on F.Cu
[silk_over_copper]: Silkscreen clipped by solder mask
    Local override; warning
    @(36.0000 mm, 28.5020 mm): Reference field of TP1
    @(34.8250 mm, 28.0000 mm): Pad 2 [GND] of R9 on F.Cu
[silk_over_copper]: Silkscreen clipped by solder mask
    Local override; warning
    @(35.5150 mm, 27.7350 mm): Segment of D2 on F.Silkscreen
    @(36.1750 mm, 28.0000 mm): Pad 1 [3V3_MAIN] of R10 on F.Cu
[silk_over_copper]: Silkscreen clipped by solder mask
    Local override; warning
    @(35.5150 mm, 27.7350 mm): Segment of D2 on F.Silkscreen
    @(37.8250 mm, 28.0000 mm): Pad 2 [POWER_GOOD] of R10 on F.Cu
[silk_over_copper]: Silkscreen clipped by solder mask
    Local override; warning
    @(30.7627 mm, 33.4775 mm): Segment of R8 on F.Silkscreen
    @(31.4750 mm, 34.0000 mm): Pad 2 [GND] of C7 on F.Cu
[silk_over_copper]: Silkscreen clipped by solder mask
    Local override; warning
    @(30.7627 mm, 34.5225 mm): Segment of R8 on F.Silkscreen
    @(31.4750 mm, 34.0000 mm): Pad 2 [GND] of C7 on F.Cu
[silk_over_copper]: Silkscreen clipped by solder mask
    Local override; warning
    @(36.0000 mm, 33.5020 mm): Reference field of TP13
    @(35.7750 mm, 34.0000 mm): Pad 2 [GND] of C8 on F.Cu
[silk_over_copper]: Silkscreen clipped by solder mask
    Local override; warning
    @(14.8594 mm, 13.4900 mm): Segment of C9 on F.Silkscreen
    @(15.0000 mm, 15.0000 mm): NPTH pad of H1
[silk_over_copper]: Silkscreen clipped by solder mask
    Local override; warning
    @(14.8594 mm, 14.5100 mm): Segment of C9 on F.Silkscreen
    @(15.0000 mm, 15.0000 mm): NPTH pad of H1
[silk_over_copper]: Silkscreen clipped by solder mask
    Local override; warning
    @(13.6137 mm, 24.7100 mm): Segment of F1 on F.Silkscreen
    @(15.0000 mm, 25.0000 mm): Pad 2 [USB_VBUS_FUSED] of D1 on F.Cu
[silk_over_copper]: Silkscreen clipped by solder mask
    Local override; warning
    @(13.3500 mm, 30.5100 mm): Segment of D1 on F.Silkscreen
    @(17.0500 mm, 30.0000 mm): Pad 1 [VBUS_PROTECTED] of C3 on F.Cu
[silk_over_copper]: Silkscreen clipped by solder mask
    Local override; warning
    @(16.6500 mm, 30.5100 mm): Segment of D1 on F.Silkscreen
    @(17.0500 mm, 30.0000 mm): Pad 1 [VBUS_PROTECTED] of C3 on F.Cu
[silk_over_copper]: Silkscreen clipped by solder mask
    Local override; warning
    @(52.0000 mm, 28.5020 mm): Reference field of TP6
    @(50.8000 mm, 27.0000 mm): Pad 1 [3V3_MAIN] of D6 on F.Cu
[silk_over_copper]: Silkscreen clipped by solder mask
    Local override; warning
    @(52.0000 mm, 31.0000 mm): Circle of TP6 on F.Silkscreen
    @(48.8000 mm, 31.0000 mm): PTH pad 1 [ESP_EN] of TP5
[silk_over_copper]: Silkscreen clipped by solder mask
    Local override; warning
    @(52.0000 mm, 31.0000 mm): Circle of TP6 on F.Silkscreen
    @(55.2000 mm, 31.0000 mm): PTH pad 1 [RF_SPI_MOSI] of TP7
[silk_over_copper]: Silkscreen clipped by solder mask
    Local override; warning
    @(55.2000 mm, 31.0000 mm): Circle of TP7 on F.Silkscreen
    @(52.0000 mm, 31.0000 mm): PTH pad 1 [RF_SPI_SCK] of TP6
[silk_over_copper]: Silkscreen clipped by solder mask
    Local override; warning
    @(55.2000 mm, 31.0000 mm): Circle of TP7 on F.Silkscreen
    @(58.4000 mm, 31.0000 mm): PTH pad 1 [RF_SPI_MISO] of TP8
[silk_over_copper]: Silkscreen clipped by solder mask
    Local override; warning
    @(58.4000 mm, 31.0000 mm): Circle of TP8 on F.Silkscreen
    @(61.6000 mm, 31.0000 mm): PTH pad 1 [RX5808_RSSI] of TP9
[silk_over_copper]: Silkscreen clipped by solder mask
    Local override; warning
    @(58.4000 mm, 31.0000 mm): Circle of TP8 on F.Silkscreen
    @(55.2000 mm, 31.0000 mm): PTH pad 1 [RF_SPI_MOSI] of TP7
[silk_over_copper]: Silkscreen clipped by solder mask
    Local override; warning
    @(61.6000 mm, 31.0000 mm): Circle of TP9 on F.Silkscreen
    @(64.8000 mm, 31.0000 mm): PTH pad 1 [VBAT_ADC] of TP10
[silk_over_copper]: Silkscreen clipped by solder mask
    Local override; warning
    @(61.6000 mm, 31.0000 mm): Circle of TP9 on F.Silkscreen
    @(58.4000 mm, 31.0000 mm): PTH pad 1 [RF_SPI_MISO] of TP8
[silk_over_copper]: Silkscreen clipped by solder mask
    Local override; warning
    @(15.8000 mm, 84.4300 mm): Segment of SW1 on F.Silkscreen
    @(15.0000 mm, 85.0000 mm): NPTH pad of H4
[nonmirrored_text_on_back_layer]: Non-Mirrored text on back layer
    Local override; warning
    @(70.0000 mm, 88.5000 mm): PCB text 'GPL-3.0-only | github.com/bobberdolle1/SkySweep32' on B.Silkscreen

** Found 42 unconnected pads **
[unconnected_items]: Missing connection between items
    Local override; error
    @(31.9014 mm, 31.7350 mm): Track [3V3_MAIN] on B.Cu, length 3.4197 mm
    @(34.2250 mm, 34.0000 mm): Track [3V3_MAIN] on F.Cu, length 0.7321 mm
[unconnected_items]: Missing connection between items
    Local override; error
    @(36.1750 mm, 28.0000 mm): Pad 1 [3V3_MAIN] of R10 on F.Cu
    @(31.9014 mm, 31.7350 mm): Track [3V3_MAIN] on B.Cu, length 3.4197 mm
[unconnected_items]: Missing connection between items
    Local override; error
    @(38.9750 mm, 42.5722 mm): Track [3V3_MAIN] on F.Cu, length 1.5722 mm
    @(42.7750 mm, 41.0000 mm): Track [3V3_MAIN] on F.Cu, length 0.6406 mm
[unconnected_items]: Missing connection between items
    Local override; error
    @(42.4000 mm, 31.0000 mm): PTH pad 1 [3V3_MAIN] of TP3
    @(36.1750 mm, 28.0000 mm): Pad 1 [3V3_MAIN] of R10 on F.Cu
[unconnected_items]: Missing connection between items
    Local override; error
    @(30.0000 mm, 11.0000 mm): Zone [3V3_MAIN] on POWER_PLANE, priority 0
    @(30.0000 mm, 11.0000 mm): Zone [3V3_MAIN] on POWER_PLANE, priority 0
[unconnected_items]: Missing connection between items
    Local override; error
    @(50.6500 mm, 20.0000 mm): Track [3V3_MAIN] on F.Cu, length 1.7509 mm
    @(51.8965 mm, 25.9035 mm): Track [3V3_MAIN] on F.Cu, length 1.1035 mm
[unconnected_items]: Missing connection between items
    Local override; error
    @(68.7500 mm, 61.9900 mm): Track [3V3_MAIN] on F.Cu, length 1.4017 mm
    @(85.0186 mm, 42.2757 mm): Via [3V3_MAIN] on F.Cu - B.Cu
[unconnected_items]: Missing connection between items
    Local override; error
    @(70.5617 mm, 19.3867 mm): Track [3V3_MAIN] on F.Cu, length 0.8673 mm
    @(84.5750 mm, 41.8321 mm): Track [3V3_MAIN] on F.Cu, length 0.8321 mm
[unconnected_items]: Missing connection between items
    Local override; error
    @(105.5030 mm, 25.5905 mm): Track [3V3_MAIN] on F.Cu, length 0.8351 mm
    @(101.8415 mm, 18.6165 mm): Track [3V3_MAIN] on F.Cu, length 1.9566 mm
[unconnected_items]: Missing connection between items
    Local override; error
    @(10.6000 mm, 10.6000 mm): Zone [GND] on F.Cu, priority 0
    @(12.7500 mm, 39.2000 mm): Pad 12 [GND] of J3 on F.Cu
[unconnected_items]: Missing connection between items
    Local override; error
    @(15.7750 mm, 14.0000 mm): Pad 2 [GND] of C9 on F.Cu
    @(10.6000 mm, 10.6000 mm): Zone [GND] on F.Cu, priority 0
[unconnected_items]: Missing connection between items
    Local override; error
    @(10.6000 mm, 10.6000 mm): Zone [GND] on F.Cu, priority 0
    @(18.9500 mm, 30.0000 mm): Pad 2 [GND] of C3 on F.Cu
[unconnected_items]: Missing connection between items
    Local override; error
    @(18.9500 mm, 30.0000 mm): Pad 2 [GND] of C3 on F.Cu
    @(10.6000 mm, 10.6000 mm): Zone [GND] on F.Cu, priority 0
[unconnected_items]: Missing connection between items
    Local override; error
    @(19.8000 mm, 19.6800 mm): Pad A12 [GND] of J1 on F.Cu
    @(15.8250 mm, 18.0000 mm): Pad 2 [GND] of R3 on F.Cu
[unconnected_items]: Missing connection between items
    Local override; error
    @(10.6000 mm, 10.6000 mm): Zone [GND] on F.Cu, priority 0
    @(22.1125 mm, 26.7500 mm): Pad 4 [GND] of U2 on F.Cu
[unconnected_items]: Missing connection between items
    Local override; error
    @(10.6000 mm, 10.6000 mm): Zone [GND] on F.Cu, priority 0
    @(10.6000 mm, 10.6000 mm): Zone [GND] on F.Cu, priority 0
[unconnected_items]: Missing connection between items
    Local override; error
    @(23.8875 mm, 25.7500 mm): Pad 8 [GND] of U2 on F.Cu
    @(22.1125 mm, 26.7500 mm): Pad 4 [GND] of U2 on F.Cu
[unconnected_items]: Missing connection between items
    Local override; error
    @(26.2000 mm, 19.6800 mm): Pad A1 [GND] of J1 on F.Cu
    @(28.0625 mm, 22.0500 mm): Pad 1 [GND] of D3 on F.Cu
[unconnected_items]: Missing connection between items
    Local override; error
    @(26.4750 mm, 34.0000 mm): Pad 2 [GND] of C6 on F.Cu
    @(10.6000 mm, 10.6000 mm): Zone [GND] on F.Cu, priority 0
[unconnected_items]: Missing connection between items
    Local override; error
    @(26.4750 mm, 34.0000 mm): Pad 2 [GND] of C6 on F.Cu
    @(10.6000 mm, 10.6000 mm): Zone [GND] on F.Cu, priority 0
[unconnected_items]: Missing connection between items
    Local override; error
    @(10.6000 mm, 10.6000 mm): Zone [GND] on F.Cu, priority 0
    @(10.6000 mm, 10.6000 mm): Zone [GND] on F.Cu, priority 0
[unconnected_items]: Missing connection between items
    Local override; error
    @(31.4750 mm, 34.0000 mm): Pad 2 [GND] of C7 on F.Cu
    @(26.4750 mm, 34.0000 mm): Pad 2 [GND] of C6 on F.Cu
[unconnected_items]: Missing connection between items
    Local override; error
    @(10.6000 mm, 10.6000 mm): Zone [GND] on F.Cu, priority 0
    @(32.8625 mm, 16.0000 mm): Pad 2 [GND] of U4 on F.Cu
[unconnected_items]: Missing connection between items
    Local override; error
    @(34.8250 mm, 28.0000 mm): Pad 2 [GND] of R9 on F.Cu
    @(10.6000 mm, 10.6000 mm): Zone [GND] on F.Cu, priority 0
[unconnected_items]: Missing connection between items
    Local override; error
    @(35.7750 mm, 34.0000 mm): Pad 2 [GND] of C8 on F.Cu
    @(31.8250 mm, 34.0000 mm): Pad 2 [GND] of R8 on F.Cu
[unconnected_items]: Missing connection between items
    Local override; error
    @(10.6000 mm, 10.6000 mm): Zone [GND] on F.Cu, priority 0
    @(45.1375 mm, 20.9500 mm): Pad 4 [GND] of U3 on F.Cu
[unconnected_items]: Missing connection between items
    Local override; error
    @(10.6000 mm, 10.6000 mm): Zone [GND] on F.Cu, priority 0
    @(10.6000 mm, 10.6000 mm): Zone [GND] on B.Cu, priority 0
[unconnected_items]: Missing connection between items
    Local override; error
    @(76.9750 mm, 41.0000 mm): Pad 1 [GND] of R29 on F.Cu
    @(10.6000 mm, 10.6000 mm): Zone [GND] on F.Cu, priority 0
[unconnected_items]: Missing connection between items
    Local override; error
    @(10.6000 mm, 10.6000 mm): Zone [GND] on F.Cu, priority 0
    @(83.8400 mm, 33.2000 mm): PTH pad 1 [GND] of J6
[unconnected_items]: Missing connection between items
    Local override; error
    @(10.6000 mm, 10.6000 mm): Zone [GND] on F.Cu, priority 0
    @(10.6000 mm, 10.6000 mm): Zone [GND] on F.Cu, priority 0
[unconnected_items]: Missing connection between items
    Local override; error
    @(10.6000 mm, 10.6000 mm): Zone [GND] on F.Cu, priority 0
    @(10.6000 mm, 10.6000 mm): Zone [GND] on F.Cu, priority 0
[unconnected_items]: Missing connection between items
    Local override; error
    @(10.6000 mm, 10.6000 mm): Zone [GND] on F.Cu, priority 0
    @(10.6000 mm, 10.6000 mm): Zone [GND] on F.Cu, priority 0
[unconnected_items]: Missing connection between items
    Local override; error
    @(10.6000 mm, 10.6000 mm): Zone [GND] on F.Cu, priority 0
    @(10.6000 mm, 10.6000 mm): Zone [GND] on F.Cu, priority 0
[unconnected_items]: Missing connection between items
    Local override; error
    @(119.1750 mm, 76.0000 mm): Pad 1 [GND] of R38 on F.Cu
    @(10.6000 mm, 10.6000 mm): Zone [GND] on F.Cu, priority 0
[unconnected_items]: Missing connection between items
    Local override; error
    @(68.7500 mm, 51.8300 mm): Pad 10 [LORA_RESET] of U1 on F.Cu
    @(91.8086 mm, 80.3500 mm): Track [LORA_RESET] on F.Cu, length 4.5086 mm
[unconnected_items]: Missing connection between items
    Local override; error
    @(27.3200 mm, 14.9250 mm): Track [USB_SHIELD] on POWER_PLANE, length 4.1800 mm
    @(14.1750 mm, 19.1050 mm): Track [USB_SHIELD] on F.Cu, length 4.5050 mm
[unconnected_items]: Missing connection between items
    Local override; error
    @(23.8875 mm, 26.7500 mm): Pad 6 [VBUS_PROTECTED] of U2 on F.Cu
    @(23.0500 mm, 30.0000 mm): Pad 1 [VBUS_PROTECTED] of C4 on F.Cu
[unconnected_items]: Missing connection between items
    Local override; error
    @(28.9159 mm, 29.6534 mm): Via [VBUS_PROTECTED] on F.Cu - B.Cu
    @(23.8875 mm, 26.7500 mm): Pad 6 [VBUS_PROTECTED] of U2 on F.Cu
[unconnected_items]: Missing connection between items
    Local override; error
    @(36.0000 mm, 31.0000 mm): Track [VBUS_PROTECTED] on B.Cu, length 1.9042 mm
    @(31.9125 mm, 54.0000 mm): Pad 2 [VBUS_PROTECTED] of FB4 on F.Cu
[unconnected_items]: Missing connection between items
    Local override; error
    @(19.2250 mm, 34.0000 mm): Pad 1 [LM_DVDT] of C2 on F.Cu
    @(23.8875 mm, 26.2500 mm): Pad 7 [LM_DVDT] of U2 on F.Cu
[unconnected_items]: Missing connection between items
    Local override; error
    @(14.2250 mm, 14.0000 mm): Pad 1 [ESP_EN] of C9 on F.Cu
    @(22.3720 mm, 65.4420 mm): Track [ESP_EN] on POWER_PLANE, length 41.7515 mm
[unconnected_items]: Missing connection between items
    Local override; error
    @(15.9250 mm, 83.9250 mm): Pad 1 [ESP_EN] of SW1 on F.Cu
    @(20.0750 mm, 83.9250 mm): Track [ESP_EN] on F.Cu, length 0.8517 mm

** Found 0 Footprint errors **

** Ignored checks **
    - Footprint has no courtyard defined
    - Track endpoint not centered on via
    - Tuning profile track geometries
    - Footprint doesn't match symbol's footprint filters
    - Footprint component type doesn't match footprint pads

** End of Report **
